Component: ARM Compiler 5.06 update 7 (build 960) Tool: armlink [4d3601]

==============================================================================

Section Cross References

    at32f403a_407_clock.o(i.system_clock_config) refers to at32f403a_407_crm.o(i.crm_reset) for crm_reset
    at32f403a_407_clock.o(i.system_clock_config) refers to at32f403a_407_crm.o(i.crm_clock_source_enable) for crm_clock_source_enable
    at32f403a_407_clock.o(i.system_clock_config) refers to at32f403a_407_crm.o(i.crm_hext_stable_wait) for crm_hext_stable_wait
    at32f403a_407_clock.o(i.system_clock_config) refers to at32f403a_407_crm.o(i.crm_flag_get) for crm_flag_get
    at32f403a_407_clock.o(i.system_clock_config) refers to at32f403a_407_crm.o(i.crm_pll_config) for crm_pll_config
    at32f403a_407_clock.o(i.system_clock_config) refers to at32f403a_407_crm.o(i.crm_ahb_div_set) for crm_ahb_div_set
    at32f403a_407_clock.o(i.system_clock_config) refers to at32f403a_407_crm.o(i.crm_apb2_div_set) for crm_apb2_div_set
    at32f403a_407_clock.o(i.system_clock_config) refers to at32f403a_407_crm.o(i.crm_apb1_div_set) for crm_apb1_div_set
    at32f403a_407_clock.o(i.system_clock_config) refers to at32f403a_407_crm.o(i.crm_auto_step_mode_enable) for crm_auto_step_mode_enable
    at32f403a_407_clock.o(i.system_clock_config) refers to at32f403a_407_crm.o(i.crm_sysclk_switch) for crm_sysclk_switch
    at32f403a_407_clock.o(i.system_clock_config) refers to at32f403a_407_crm.o(i.crm_sysclk_switch_status_get) for crm_sysclk_switch_status_get
    at32f403a_407_clock.o(i.system_clock_config) refers to system_at32f403a_407.o(i.system_core_clock_update) for system_core_clock_update
    at32f403a_407_int.o(i.I2C1_ERR_IRQHandler) refers to i2c_application.o(i.i2c_err_irq_handler) for i2c_err_irq_handler
    at32f403a_407_int.o(i.I2C1_ERR_IRQHandler) refers to mlx90640_i2c_driver.o(.bss) for hi2cx
    at32f403a_407_int.o(i.I2C1_EVT_IRQHandler) refers to i2c_application.o(i.i2c_evt_irq_handler) for i2c_evt_irq_handler
    at32f403a_407_int.o(i.I2C1_EVT_IRQHandler) refers to mlx90640_i2c_driver.o(.bss) for hi2cx
    main.o(i.USBFS_L_CAN1_RX0_IRQHandler) refers to usbd_int.o(i.usbd_irq_handler) for usbd_irq_handler
    main.o(i.USBFS_L_CAN1_RX0_IRQHandler) refers to main.o(.bss) for .bss
    main.o(i.main) refers to at32f403a_407_misc.o(i.nvic_priority_group_config) for nvic_priority_group_config
    main.o(i.main) refers to at32f403a_407_clock.o(i.system_clock_config) for system_clock_config
    main.o(i.main) refers to mlx90640_i2c_driver.o(i.MLX90640_I2CInit) for MLX90640_I2CInit
    main.o(i.main) refers to at32f403a_407_board.o(i.delay_ms) for delay_ms
    main.o(i.main) refers to main.o(i.usb_clock48m_select) for usb_clock48m_select
    main.o(i.main) refers to at32f403a_407_crm.o(i.crm_periph_clock_enable) for crm_periph_clock_enable
    main.o(i.main) refers to at32f403a_407_misc.o(i.nvic_irq_enable) for nvic_irq_enable
    main.o(i.main) refers to usbd_core.o(i.usbd_core_init) for usbd_core_init
    main.o(i.main) refers to at32f403a_407_board.o(i.uart_print_init) for uart_print_init
    main.o(i.main) refers to noretval__2printf.o(.text) for __2printf
    main.o(i.main) refers to ejpeg.o(i.JPG_initImgFormat) for JPG_initImgFormat
    main.o(i.main) refers to ejpeg.o(i.JPG_initOutStream) for JPG_initOutStream
    main.o(i.main) refers to ejpeg.o(i.set_IMGsrc) for set_IMGsrc
    main.o(i.main) refers to ejpeg.o(i.JPG_WriteHeader) for JPG_WriteHeader
    main.o(i.main) refers to ejpeg.o(i.JPG_setOutBuff) for JPG_setOutBuff
    main.o(i.main) refers to mlx90640_api.o(i.MLX90640_SetRefreshRate) for MLX90640_SetRefreshRate
    main.o(i.main) refers to mlx90640_api.o(i.MLX90640_SetChessMode) for MLX90640_SetChessMode
    main.o(i.main) refers to mlx90640_api.o(i.MLX90640_DumpEE) for MLX90640_DumpEE
    main.o(i.main) refers to mlx90640_api.o(i.MLX90640_ExtractParameters) for MLX90640_ExtractParameters
    main.o(i.main) refers to usbd_core.o(i.usbd_connect) for usbd_connect
    main.o(i.main) refers to mlx90640_i2c_driver.o(i.MLX90640_I2CRead) for MLX90640_I2CRead
    main.o(i.main) refers to at32f403a_407_gpio.o(i.gpio_bits_reset) for gpio_bits_reset
    main.o(i.main) refers to mlx90640_api.o(i.MLX90640_GetFrameData) for MLX90640_GetFrameData
    main.o(i.main) refers to mlx90640_api.o(i.MLX90640_GetTa) for MLX90640_GetTa
    main.o(i.main) refers to mlx90640_api.o(i.MLX90640_CalculateTo) for MLX90640_CalculateTo
    main.o(i.main) refers to f2d.o(x$fpl$f2d) for __aeabi_f2d
    main.o(i.main) refers to dmul.o(x$fpl$dmul) for __aeabi_dmul
    main.o(i.main) refers to dfixu.o(x$fpl$dfixu) for __aeabi_d2uiz
    main.o(i.main) refers to ejpeg.o(i.JPG_Encode) for JPG_Encode
    main.o(i.main) refers to at32f403a_407_gpio.o(i.gpio_bits_set) for gpio_bits_set
    main.o(i.main) refers to video_desc.o(.data) for video_desc_handler
    main.o(i.main) refers to video_class.o(.data) for video_class_handler
[...]
    __rt_lib_init_return                     0x08000247   Thumb Code     0  libinit2.o(.ARM.Collect$$libinit$$00000033)
    __rt_lib_init_signal_1                   0x08000247   Thumb Code     0  libinit2.o(.ARM.Collect$$libinit$$0000001D)
    __rt_lib_init_stdio_1                    0x08000247   Thumb Code     0  libinit2.o(.ARM.Collect$$libinit$$00000025)
    __rt_lib_init_user_alloc_1               0x08000247   Thumb Code     0  libinit2.o(.ARM.Collect$$libinit$$0000000C)
    __rt_lib_shutdown                        0x08000249   Thumb Code     0  libshutdown.o(.ARM.Collect$$libshutdown$$00000000)
    __rt_lib_shutdown_cpp_1                  0x0800024b   Thumb Code     0  libshutdown2.o(.ARM.Collect$$libshutdown$$00000004)
    __rt_lib_shutdown_fini_1                 0x0800024b   Thumb Code     0  libshutdown2.o(.ARM.Collect$$libshutdown$$00000002)
    __rt_lib_shutdown_fp_trap_1              0x0800024b   Thumb Code     0  libshutdown2.o(.ARM.Collect$$libshutdown$$00000009)
    __rt_lib_shutdown_heap_1                 0x0800024b   Thumb Code     0  libshutdown2.o(.ARM.Collect$$libshutdown$$00000011)
    __rt_lib_shutdown_return                 0x0800024b   Thumb Code     0  libshutdown2.o(.ARM.Collect$$libshutdown$$00000012)
    __rt_lib_shutdown_signal_1               0x0800024b   Thumb Code     0  libshutdown2.o(.ARM.Collect$$libshutdown$$0000000C)
    __rt_lib_shutdown_stdio_1                0x0800024b   Thumb Code     0  libshutdown2.o(.ARM.Collect$$libshutdown$$00000006)
    __rt_lib_shutdown_user_alloc_1           0x0800024b   Thumb Code     0  libshutdown2.o(.ARM.Collect$$libshutdown$$0000000E)
    __rt_entry                               0x0800024d   Thumb Code     0  __rtentry.o(.ARM.Collect$$rtentry$$00000000)
    __rt_entry_presh_1                       0x0800024d   Thumb Code     0  __rtentry2.o(.ARM.Collect$$rtentry$$00000002)
    __rt_entry_sh                            0x0800024d   Thumb Code     0  __rtentry4.o(.ARM.Collect$$rtentry$$00000004)
    __rt_entry_li                            0x08000253   Thumb Code     0  __rtentry2.o(.ARM.Collect$$rtentry$$0000000A)
    __rt_entry_postsh_1                      0x08000253   Thumb Code     0  __rtentry2.o(.ARM.Collect$$rtentry$$00000009)
    __rt_entry_main                          0x08000257   Thumb Code     0  __rtentry2.o(.ARM.Collect$$rtentry$$0000000D)
    __rt_entry_postli_1                      0x08000257   Thumb Code     0  __rtentry2.o(.ARM.Collect$$rtentry$$0000000C)
    __rt_exit                                0x0800025f   Thumb Code     0  rtexit.o(.ARM.Collect$$rtexit$$00000000)
    __rt_exit_ls                             0x08000261   Thumb Code     0  rtexit2.o(.ARM.Collect$$rtexit$$00000003)
    __rt_exit_prels_1                        0x08000261   Thumb Code     0  rtexit2.o(.ARM.Collect$$rtexit$$00000002)
    __rt_exit_exit                           0x08000265   Thumb Code     0  rtexit2.o(.ARM.Collect$$rtexit$$00000004)
    Reset_Handler                            0x0800026d   Thumb Code    34  startup_at32f403a_407.o(.text)
    ACC_IRQHandler                           0x080002a1   Thumb Code     0  startup_at32f403a_407.o(.text)
    ADC1_2_IRQHandler                        0x080002a1   Thumb Code     0  startup_at32f403a_407.o(.text)
    ADC3_IRQHandler                          0x080002a1   Thumb Code     0  startup_at32f403a_407.o(.text)
    CAN1_RX1_IRQHandler                      0x080002a1   Thumb Code     0  startup_at32f403a_407.o(.text)
    CAN1_SE_IRQHandler                       0x080002a1   Thumb Code     0  startup_at32f403a_407.o(.text)
    CAN2_RX0_IRQHandler                      0x080002a1   Thumb Code     0  startup_at32f403a_407.o(.text)
    CAN2_RX1_IRQHandler                      0x080002a1   Thumb Code     0  startup_at32f403a_407.o(.text)
    CAN2_SE_IRQHandler                       0x080002a1   Thumb Code     0  startup_at32f403a_407.o(.text)
    CAN2_TX_IRQHandler                       0x080002a1   Thumb Code     0  startup_at32f403a_407.o(.text)
    CRM_IRQHandler                           0x080002a1   Thumb Code     0  startup_at32f403a_407.o(.text)
    DMA1_Channel1_IRQHandler                 0x080002a1   Thumb Code     0  startup_at32f403a_407.o(.text)
    DMA1_Channel2_IRQHandler                 0x080002a1   Thumb Code     0  startup_at32f403a_407.o(.text)
    DMA1_Channel3_IRQHandler                 0x080002a1   Thumb Code     0  startup_at32f403a_407.o(.text)
    DMA1_Channel4_IRQHandler                 0x080002a1   Thumb Code     0  startup_at32f403a_407.o(.text)
    DMA1_Channel5_IRQHandler                 0x080002a1   Thumb Code     0  startup_at32f403a_407.o(.text)
    DMA1_Channel6_IRQHandler                 0x080002a1   Thumb Code     0  startup_at32f403a_407.o(.text)
    DMA1_Channel7_IRQHandler                 0x080002a1   Thumb Code     0  startup_at32f403a_407.o(.text)
    DMA2_Channel1_IRQHandler                 0x080002a1   Thumb Code     0  startup_at32f403a_407.o(.text)
    DMA2_Channel2_IRQHandler                 0x080002a1   Thumb Code     0  startup_at32f403a_407.o(.text)
    DMA2_Channel3_IRQHandler                 0x080002a1   Thumb Code     0  startup_at32f403a_407.o(.text)
    DMA2_Channel4_5_IRQHandler               0x080002a1   Thumb Code     0  startup_at32f403a_407.o(.text)
    DMA2_Channel6_7_IRQHandler               0x080002a1   Thumb Code     0  startup_at32f403a_407.o(.text)
    EMAC_IRQHandler                          0x080002a1   Thumb Code     0  startup_at32f403a_407.o(.text)
    EMAC_WKUP_IRQHandler                     0x080002a1   Thumb Code     0  startup_at32f403a_407.o(.text)
    EXINT0_IRQHandler                        0x080002a1   Thumb Code     0  startup_at32f403a_407.o(.text)
    EXINT15_10_IRQHandler                    0x080002a1   Thumb Code     0  startup_at32f403a_407.o(.text)
    EXINT1_IRQHandler                        0x080002a1   Thumb Code     0  startup_at32f403a_407.o(.text)
    EXINT2_IRQHandler                        0x080002a1   Thumb Code     0  startup_at32f403a_407.o(.text)
    EXINT3_IRQHandler                        0x080002a1   Thumb Code     0  startup_at32f403a_407.o(.text)
    EXINT4_IRQHandler                        0x080002a1   Thumb Code     0  startup_at32f403a_407.o(.text)
    EXINT9_5_IRQHandler                      0x080002a1   Thumb Code     0  startup_at32f403a_407.o(.text)
    FLASH_IRQHandler                         0x080002a1   Thumb Code     0  startup_at32f403a_407.o(.text)
    I2C2_ERR_IRQHandler                      0x080002a1   Thumb Code     0  startup_at32f403a_407.o(.text)
    I2C2_EVT_IRQHandler                      0x080002a1   Thumb Code     0  startup_at32f403a_407.o(.text)
    I2C3_ERR_IRQHandler                      0x080002a1   Thumb Code     0  startup_at32f403a_407.o(.text)
    I2C3_EVT_IRQHandler                      0x080002a1   Thumb Code     0  startup_at32f403a_407.o(.text)
    PVM_IRQHandler                           0x080002a1   Thumb Code     0  startup_at32f403a_407.o(.text)
    RTCAlarm_IRQHandler                      0x080002a1   Thumb Code     0  startup_at32f403a_407.o(.text)
    RTC_IRQHandler                           0x080002a1   Thumb Code     0  startup_at32f403a_407.o(.text)
    SDIO1_IRQHandler                         0x080002a1   Thumb Code     0  startup_at32f403a_407.o(.text)
    SDIO2_IRQHandler                         0x080002a1   Thumb Code     0  startup_at32f403a_407.o(.text)
    SPI1_IRQHandler                          0x080002a1   Thumb Code     0  startup_at32f403a_407.o(.text)
    SPI2_I2S2EXT_IRQHandler                  0x080002a1   Thumb Code     0  startup_at32f403a_407.o(.text)
    SPI3_I2S3EXT_IRQHandler                  0x080002a1   Thumb Code     0  startup_at32f403a_407.o(.text)
    SPI4_IRQHandler                          0x080002a1   Thumb Code     0  startup_at32f403a_407.o(.text)
    TAMPER_IRQHandler                        0x080002a1   Thumb Code     0  startup_at32f403a_407.o(.text)
    TMR1_BRK_TMR9_IRQHandler                 0x080002a1   Thumb Code     0  startup_at32f403a_407.o(.text)
    TMR1_CH_IRQHandler                       0x080002a1   Thumb Code     0  startup_at32f403a_407.o(.text)
    TMR1_OVF_TMR10_IRQHandler                0x080002a1   Thumb Code     0  startup_at32f403a_407.o(.text)
    TMR1_TRG_HALL_TMR11_IRQHandler           0x080002a1   Thumb Code     0  startup_at32f403a_407.o(.text)
    TMR2_GLOBAL_IRQHandler                   0x080002a1   Thumb Code     0  startup_at32f403a_407.o(.text)
    TMR3_GLOBAL_IRQHandler                   0x080002a1   Thumb Code     0  startup_at32f403a_407.o(.text)
    TMR4_GLOBAL_IRQHandler                   0x080002a1   Thumb Code     0  startup_at32f403a_407.o(.text)
    TMR5_GLOBAL_IRQHandler                   0x080002a1   Thumb Code     0  startup_at32f403a_407.o(.text)
    TMR6_GLOBAL_IRQHandler                   0x080002a1   Thumb Code     0  startup_at32f403a_407.o(.text)
    TMR7_GLOBAL_IRQHandler                   0x080002a1   Thumb Code     0  startup_at32f403a_407.o(.text)
    TMR8_BRK_TMR12_IRQHandler                0x080002a1   Thumb Code     0  startup_at32f403a_407.o(.text)
    TMR8_CH_IRQHandler                       0x080002a1   Thumb Code     0  startup_at32f403a_407.o(.text)
    TMR8_OVF_TMR13_IRQHandler                0x080002a1   Thumb Code     0  startup_at32f403a_407.o(.text)
    TMR8_TRG_HALL_TMR14_IRQHandler           0x080002a1   Thumb Code     0  startup_at32f403a_407.o(.text)
    UART4_IRQHandler                         0x080002a1   Thumb Code     0  startup_at32f403a_407.o(.text)
    UART5_IRQHandler                         0x080002a1   Thumb Code     0  startup_at32f403a_407.o(.text)
    UART7_IRQHandler                         0x080002a1   Thumb Code     0  startup_at32f403a_407.o(.text)
    UART8_IRQHandler                         0x080002a1   Thumb Code     0  startup_at32f403a_407.o(.text)
    USART1_IRQHandler                        0x080002a1   Thumb Code     0  startup_at32f403a_407.o(.text)
    USART2_IRQHandler                        0x080002a1   Thumb Code     0  startup_at32f403a_407.o(.text)
    USART3_IRQHandler                        0x080002a1   Thumb Code     0  startup_at32f403a_407.o(.text)
    USART6_IRQHandler                        0x080002a1   Thumb Code     0  startup_at32f403a_407.o(.text)
    USBFSWakeUp_IRQHandler                   0x080002a1   Thumb Code     0  startup_at32f403a_407.o(.text)
    USBFS_H_CAN1_TX_IRQHandler               0x080002a1   Thumb Code     0  startup_at32f403a_407.o(.text)
    USBFS_MAPH_IRQHandler                    0x080002a1   Thumb Code     0  startup_at32f403a_407.o(.text)
    USBFS_MAPL_IRQHandler                    0x080002a1   Thumb Code     0  startup_at32f403a_407.o(.text)
    WWDT_IRQHandler                          0x080002a1   Thumb Code     0  startup_at32f403a_407.o(.text)
    XMC_IRQHandler                           0x080002a1   Thumb Code     0  startup_at32f403a_407.o(.text)
    __user_initial_stackheap                 0x080002a5   Thumb Code     0  startup_at32f403a_407.o(.text)
    __use_no_semihosting                     0x080002cd   Thumb Code     2  use_no_semi_2.o(.text)
    __2printf                                0x080002d1   Thumb Code    20  noretval__2printf.o(.text)
    __aeabi_memcpy                           0x080002e9   Thumb Code     0  rt_memcpy_v6.o(.text)
    __rt_memcpy                              0x080002e9   Thumb Code   138  rt_memcpy_v6.o(.text)
    _memcpy_lastbytes                        0x0800034f   Thumb Code     0  rt_memcpy_v6.o(.text)
    __aeabi_memclr                           0x08000373   Thumb Code     0  rt_memclr.o(.text)
    __rt_memclr                              0x08000373   Thumb Code    68  rt_memclr.o(.text)
    _memset                                  0x08000377   Thumb Code     0  rt_memclr.o(.text)
    __aeabi_memclr4                          0x080003b7   Thumb Code     0  rt_memclr_w.o(.text)
    __aeabi_memclr8                          0x080003b7   Thumb Code     0  rt_memclr_w.o(.text)
    __rt_memclr_w                            0x080003b7   Thumb Code    78  rt_memclr_w.o(.text)
    _memset_w                                0x080003bb   Thumb Code     0  rt_memclr_w.o(.text)
    __use_two_region_memory                  0x08000405   Thumb Code     2  heapauxi.o(.text)
    __rt_heap_escrow$2region                 0x08000407   Thumb Code     2  heapauxi.o(.text)
    __rt_heap_expand$2region                 0x08000409   Thumb Code     2  heapauxi.o(.text)
    __I$use$semihosting                      0x0800040b   Thumb Code     0  use_no_semi.o(.text)
    __use_no_semihosting_swi                 0x0800040b   Thumb Code     2  use_no_semi.o(.text)
    __read_errno                             0x0800040d   Thumb Code    10  _rserrno.o(.text)
    __set_errno                              0x08000417   Thumb Code    12  _rserrno.o(.text)
    _printf_char_file                        0x08000425   Thumb Code    32  _printf_char_file.o(.text)
    __aeabi_memcpy4                          0x08000449   Thumb Code     0  rt_memcpy_w.o(.text)
    __aeabi_memcpy8                          0x08000449   Thumb Code     0  rt_memcpy_w.o(.text)
    __rt_memcpy_w                            0x08000449   Thumb Code   100  rt_memcpy_w.o(.text)
    _memcpy_lastbytes_aligned                0x08000491   Thumb Code     0  rt_memcpy_w.o(.text)
    __aeabi_errno_addr                       0x080004ad   Thumb Code     8  rt_errno_addr_intlibspace.o(.text)
    __errno$intlibspace                      0x080004ad   Thumb Code     0  rt_errno_addr_intlibspace.o(.text)
    __rt_errno_addr$intlibspace              0x080004ad   Thumb Code     0  rt_errno_addr_intlibspace.o(.text)
    _printf_char_common                      0x080004bf   Thumb Code    32  _printf_char_common.o(.text)
    ferror                                   0x080004e5   Thumb Code     8  ferror.o(.text)
    __user_libspace                          0x080004ed   Thumb Code     8  libspace.o(.text)
    __user_perproc_libspace                  0x080004ed   Thumb Code     0  libspace.o(.text)
    __user_perthread_libspace                0x080004ed   Thumb Code     0  libspace.o(.text)
    __user_setup_stackheap                   0x080004f5   Thumb Code    74  sys_stackheap_outer.o(.text)
    __printf                                 0x0800053f   Thumb Code    40  __printf_nopercent.o(.text)
    exit                                     0x08000567   Thumb Code    18  exit.o(.text)
    BusFault_Handler                         0x08000579   Thumb Code     2  at32f403a_407_int.o(i.BusFault_Handler)
    CallBack                                 0x0800057b   Thumb Code     2  main.o(i.CallBack)
    CheckAdjacentPixels                      0x0800057d   Thumb Code    30  mlx90640_api.o(i.CheckAdjacentPixels)
    DCT                                      0x0800059d   Thumb Code   622  ejpeg.o(i.DCT)
    DebugMon_Handler                         0x0800080b   Thumb Code     2  at32f403a_407_int.o(i.DebugMon_Handler)
    Extend_SRAM                              0x0800080d   Thumb Code    48  system_at32f403a_407.o(i.Extend_SRAM)
    ExtractAlphaParameters                   0x08000845   Thumb Code   682  mlx90640_api.o(i.ExtractAlphaParameters)
    ExtractCILCParameters                    0x08000b15   Thumb Code   146  mlx90640_api.o(i.ExtractCILCParameters)
    ExtractCPParameters                      0x08000bbd   Thumb Code   428  mlx90640_api.o(i.ExtractCPParameters)
    ExtractDeviatingPixels                   0x08000d8d   Thumb Code   320  mlx90640_api.o(i.ExtractDeviatingPixels)
    ExtractGainParameters                    0x08000ecd   Thumb Code    16  mlx90640_api.o(i.ExtractGainParameters)
    ExtractKsTaParameters                    0x08000edd   Thumb Code    46  mlx90640_api.o(i.ExtractKsTaParameters)
    ExtractKsToParameters                    0x08000f19   Thumb Code   212  mlx90640_api.o(i.ExtractKsToParameters)
    ExtractKtaPixelParameters                0x08000ff9   Thumb Code   552  mlx90640_api.o(i.ExtractKtaPixelParameters)
    ExtractKvPixelParameters                 0x08001239   Thumb Code   454  mlx90640_api.o(i.ExtractKvPixelParameters)
    ExtractOffsetParameters                  0x08001415   Thumb Code   262  mlx90640_api.o(i.ExtractOffsetParameters)
    ExtractPTATParameters                    0x0800151d   Thumb Code   164  mlx90640_api.o(i.ExtractPTATParameters)
    ExtractTgcParameters                     0x080015ed   Thumb Code    44  mlx90640_api.o(i.ExtractTgcParameters)
    ExtractVDDParameters                     0x08001625   Thumb Code    32  mlx90640_api.o(i.ExtractVDDParameters)
    HardFault_Handler                        0x08001645   Thumb Code     2  at32f403a_407_int.o(i.HardFault_Handler)
    I2C1_ERR_IRQHandler                      0x08001649   Thumb Code     6  at32f403a_407_int.o(i.I2C1_ERR_IRQHandler)
    I2C1_EVT_IRQHandler                      0x08001655   Thumb Code     6  at32f403a_407_int.o(i.I2C1_EVT_IRQHandler)
    JPG_Encode                               0x08001661   Thumb Code   396  ejpeg.o(i.JPG_Encode)
    JPG_WriteHeader                          0x080017f9   Thumb Code    22  ejpeg.o(i.JPG_WriteHeader)
    JPG_huffman                              0x08001815   Thumb Code   864  ejpeg.o(i.JPG_huffman)
    JPG_initImgFormat                        0x08001b7d   Thumb Code    64  ejpeg.o(i.JPG_initImgFormat)
    JPG_initOutStream                        0x08001bc5   Thumb Code    12  ejpeg.o(i.JPG_initOutStream)
    JPG_quantization                         0x08001bd5   Thumb Code   194  ejpeg.o(i.JPG_quantization)
    JPG_readsrc_yuv                          0x08001c99   Thumb Code   630  ejpeg.o(i.JPG_readsrc_yuv)
    JPG_setOutBuff                           0x08001f15   Thumb Code     8  ejpeg.o(i.JPG_setOutBuff)
    JPG_setquality                           0x08001f21   Thumb Code   142  ejpeg.o(i.JPG_setquality)
    JPG_writeheader                          0x08001fb9   Thumb Code   486  ejpeg.o(i.JPG_writeheader)
    MLX90640_CalculateTo                     0x080021ad   Thumb Code  1814  mlx90640_api.o(i.MLX90640_CalculateTo)
    MLX90640_DumpEE                          0x080028d1   Thumb Code    14  mlx90640_api.o(i.MLX90640_DumpEE)
    MLX90640_ExtractParameters               0x080028df   Thumb Code   122  mlx90640_api.o(i.MLX90640_ExtractParameters)
    MLX90640_GetFrameData                    0x08002959   Thumb Code   178  mlx90640_api.o(i.MLX90640_GetFrameData)
    MLX90640_GetTa                           0x08002a0d   Thumb Code   242  mlx90640_api.o(i.MLX90640_GetTa)
    MLX90640_GetVdd                          0x08002b29   Thumb Code   196  mlx90640_api.o(i.MLX90640_GetVdd)
    MLX90640_I2CInit                         0x08002c05   Thumb Code    22  mlx90640_i2c_driver.o(i.MLX90640_I2CInit)
    MLX90640_I2CRead                         0x08002c25   Thumb Code   128  mlx90640_i2c_driver.o(i.MLX90640_I2CRead)
    MLX90640_I2CWrite                        0x08002cb9   Thumb Code   112  mlx90640_i2c_driver.o(i.MLX90640_I2CWrite)
    MLX90640_SetChessMode                    0x08002d3d   Thumb Code    40  mlx90640_api.o(i.MLX90640_SetChessMode)
    MLX90640_SetRefreshRate                  0x08002d65   Thumb Code    48  mlx90640_api.o(i.MLX90640_SetRefreshRate)
    MemManage_Handler                        0x08002d95   Thumb Code     2  at32f403a_407_int.o(i.MemManage_Handler)
    NMI_Handler                              0x08002d97   Thumb Code     2  at32f403a_407_int.o(i.NMI_Handler)
    PendSV_Handler                           0x08002d99   Thumb Code     2  at32f403a_407_int.o(i.PendSV_Handler)
    SVC_Handler                              0x08002d9b   Thumb Code     2  at32f403a_407_int.o(i.SVC_Handler)
    SysTick_Handler                          0x08002d9d   Thumb Code     2  at32f403a_407_int.o(i.SysTick_Handler)
    SystemInit                               0x08002da1   Thumb Code    74  system_at32f403a_407.o(i.SystemInit)
    USBFS_L_CAN1_RX0_IRQHandler              0x08002df9   Thumb Code     6  main.o(i.USBFS_L_CAN1_RX0_IRQHandler)
    UsageFault_Handler                       0x08002e05   Thumb Code     2  at32f403a_407_int.o(i.UsageFault_Handler)
    ValidateAuxData                          0x08002e09   Thumb Code   122  mlx90640_api.o(i.ValidateAuxData)
    ValidateFrameData                        0x08002e85   Thumb Code    56  mlx90640_api.o(i.ValidateFrameData)
    __ARM_fpclassify                         0x08002ebd   Thumb Code    48  fpclassify.o(i.__ARM_fpclassify)
    __hardfp_pow                             0x08002ef1   Thumb Code  3072  pow.o(i.__hardfp_pow)
    __hardfp_sqrt                            0x08003b41   Thumb Code   122  sqrt.o(i.__hardfp_sqrt)
    __kernel_poly                            0x08003bbb   Thumb Code   248  poly.o(i.__kernel_poly)
    __mathlib_dbl_divzero                    0x08003cb9   Thumb Code    28  dunder.o(i.__mathlib_dbl_divzero)
    __mathlib_dbl_infnan2                    0x08003ce9   Thumb Code    20  dunder.o(i.__mathlib_dbl_infnan2)
    __mathlib_dbl_invalid                    0x08003d01   Thumb Code    24  dunder.o(i.__mathlib_dbl_invalid)
    __mathlib_dbl_overflow                   0x08003d21   Thumb Code    24  dunder.o(i.__mathlib_dbl_overflow)
    __mathlib_dbl_underflow                  0x08003d41   Thumb Code    24  dunder.o(i.__mathlib_dbl_underflow)
    _sys_exit                                0x08003d61   Thumb Code     2  at32f403a_407_board.o(i._sys_exit)
    acc_calibration_mode_enable              0x08003d65   Thumb Code    30  at32f403a_407_acc.o(i.acc_calibration_mode_enable)
    acc_write_c1                             0x08003d89   Thumb Code     6  at32f403a_407_acc.o(i.acc_write_c1)
    acc_write_c2                             0x08003d95   Thumb Code     6  at32f403a_407_acc.o(i.acc_write_c2)
    acc_write_c3                             0x08003da1   Thumb Code     6  at32f403a_407_acc.o(i.acc_write_c3)
    at32_board_init                          0x08003dad   Thumb Code    82  at32f403a_407_board.o(i.at32_board_init)
    close_bitstream                          0x08004061   Thumb Code    70  ejpeg.o(i.close_bitstream)
    crm_ahb_div_set                          0x080040ad   Thumb Code    12  at32f403a_407_crm.o(i.crm_ahb_div_set)
    crm_apb1_div_set                         0x080040bd   Thumb Code    12  at32f403a_407_crm.o(i.crm_apb1_div_set)
    crm_apb2_div_set                         0x080040cd   Thumb Code    12  at32f403a_407_crm.o(i.crm_apb2_div_set)
    crm_auto_step_mode_enable                0x080040dd   Thumb Code    22  at32f403a_407_crm.o(i.crm_auto_step_mode_enable)
    crm_clock_source_enable                  0x080040f9   Thumb Code    62  at32f403a_407_crm.o(i.crm_clock_source_enable)
    crm_clocks_freq_get                      0x0800413d   Thumb Code   198  at32f403a_407_crm.o(i.crm_clocks_freq_get)
    crm_flag_get                             0x0800421d   Thumb Code    28  at32f403a_407_crm.o(i.crm_flag_get)
    crm_hext_stable_wait                     0x0800423d   Thumb Code    40  at32f403a_407_crm.o(i.crm_hext_stable_wait)
    crm_hick_divider_select                  0x08004265   Thumb Code    12  at32f403a_407_crm.o(i.crm_hick_divider_select)
    crm_hick_sclk_frequency_select           0x08004275   Thumb Code    22  at32f403a_407_crm.o(i.crm_hick_sclk_frequency_select)
    crm_periph_clock_enable                  0x08004291   Thumb Code    32  at32f403a_407_crm.o(i.crm_periph_clock_enable)
    crm_periph_reset                         0x080042b5   Thumb Code    32  at32f403a_407_crm.o(i.crm_periph_reset)
    crm_pll_config                           0x080042d9   Thumb Code    68  at32f403a_407_crm.o(i.crm_pll_config)
    crm_reset                                0x08004321   Thumb Code    54  at32f403a_407_crm.o(i.crm_reset)
    crm_sysclk_switch                        0x08004361   Thumb Code    12  at32f403a_407_crm.o(i.crm_sysclk_switch)
    crm_sysclk_switch_status_get             0x08004371   Thumb Code    10  at32f403a_407_crm.o(i.crm_sysclk_switch_status_get)
    crm_usb_clock_div_set                    0x08004381   Thumb Code    22  at32f403a_407_crm.o(i.crm_usb_clock_div_set)
    crm_usb_clock_source_select              0x0800439d   Thumb Code    24  at32f403a_407_crm.o(i.crm_usb_clock_source_select)
    delay_init                               0x080043b9   Thumb Code    34  at32f403a_407_board.o(i.delay_init)
    delay_ms                                 0x080043e9   Thumb Code    72  at32f403a_407_board.o(i.delay_ms)
    fabs                                     0x08004435   Thumb Code    24  fabs.o(i.fabs)
    flash_fap_status_get                     0x0800444d   Thumb Code    10  at32f403a_407_flash.o(i.flash_fap_status_get)
    flash_lock                               0x0800445d   Thumb Code    20  at32f403a_407_flash.o(i.flash_lock)
    flash_operation_status_get               0x08004475   Thumb Code    34  at32f403a_407_flash.o(i.flash_operation_status_get)
    flash_operation_wait_for                 0x0800449d   Thumb Code    34  at32f403a_407_flash.o(i.flash_operation_wait_for)
    flash_unlock                             0x080044c1   Thumb Code    16  at32f403a_407_flash.o(i.flash_unlock)
    flash_user_system_data_erase             0x080044dd   Thumb Code    98  at32f403a_407_flash.o(i.flash_user_system_data_erase)
    flash_user_system_data_program           0x08004551   Thumb Code    60  at32f403a_407_flash.o(i.flash_user_system_data_program)
    fputc                                    0x0800459d   Thumb Code    30  at32f403a_407_board.o(i.fputc)
    gpio_bits_reset                          0x080046d5   Thumb Code     4  at32f403a_407_gpio.o(i.gpio_bits_reset)
    gpio_bits_set                            0x080046d9   Thumb Code     4  at32f403a_407_gpio.o(i.gpio_bits_set)
    gpio_default_para_init                   0x080046dd   Thumb Code    22  at32f403a_407_gpio.o(i.gpio_default_para_init)
    gpio_init                                0x080046f5   Thumb Code   174  at32f403a_407_gpio.o(i.gpio_init)
    i2c_7bit_address_send                    0x080047a3   Thumb Code    16  at32f403a_407_i2c.o(i.i2c_7bit_address_send)
    i2c_ack_enable                           0x080047b3   Thumb Code    10  at32f403a_407_i2c.o(i.i2c_ack_enable)
    i2c_config                               0x080047bd   Thumb Code    28  i2c_application.o(i.i2c_config)
    i2c_data_receive                         0x080047d9   Thumb Code     6  at32f403a_407_i2c.o(i.i2c_data_receive)
    i2c_data_send                            0x080047df   Thumb Code     4  at32f403a_407_i2c.o(i.i2c_data_send)
    i2c_enable                               0x080047e3   Thumb Code    10  at32f403a_407_i2c.o(i.i2c_enable)
    i2c_err_irq_handler                      0x080047ed   Thumb Code   176  i2c_application.o(i.i2c_err_irq_handler)
    i2c_evt_irq_handler                      0x0800489d   Thumb Code    34  i2c_application.o(i.i2c_evt_irq_handler)
    i2c_flag_clear                           0x080048bf   Thumb Code    34  at32f403a_407_i2c.o(i.i2c_flag_clear)
    i2c_flag_get                             0x080048e1   Thumb Code    32  at32f403a_407_i2c.o(i.i2c_flag_get)
    i2c_init                                 0x08004901   Thumb Code   214  at32f403a_407_i2c.o(i.i2c_init)
    i2c_interrupt_enable                     0x080049ed   Thumb Code    20  at32f403a_407_i2c.o(i.i2c_interrupt_enable)
    i2c_lowlevel_init                        0x08004a01   Thumb Code   118  mlx90640_i2c_driver.o(i.i2c_lowlevel_init)
    i2c_master_read_addr                     0x08004a8d   Thumb Code   188  i2c_application.o(i.i2c_master_read_addr)
    i2c_master_receive_ack_set               0x08004b49   Thumb Code    10  at32f403a_407_i2c.o(i.i2c_master_receive_ack_set)
    i2c_master_rx_isr_int                    0x08004b53   Thumb Code   176  i2c_application.o(i.i2c_master_rx_isr_int)
    i2c_master_tx_isr_int                    0x08004c03   Thumb Code    68  i2c_application.o(i.i2c_master_tx_isr_int)
    i2c_master_write_addr                    0x08004c47   Thumb Code   116  i2c_application.o(i.i2c_master_write_addr)
    i2c_memory_address_send                  0x08004cbb   Thumb Code    62  i2c_application.o(i.i2c_memory_address_send)
    i2c_memory_read_int                      0x08004cf9   Thumb Code   272  i2c_application.o(i.i2c_memory_read_int)
    i2c_memory_write_int                     0x08004e0d   Thumb Code   172  i2c_application.o(i.i2c_memory_write_int)
    i2c_own_address1_set                     0x08004ebd   Thumb Code    18  at32f403a_407_i2c.o(i.i2c_own_address1_set)
    i2c_reset                                0x08004ed1   Thumb Code    56  at32f403a_407_i2c.o(i.i2c_reset)
    i2c_slave_rx_isr_int                     0x08004f19   Thumb Code    84  i2c_application.o(i.i2c_slave_rx_isr_int)
    i2c_slave_tx_isr_int                     0x08004f6d   Thumb Code    92  i2c_application.o(i.i2c_slave_tx_isr_int)
    i2c_start_generate                       0x08004fc9   Thumb Code    10  at32f403a_407_i2c.o(i.i2c_start_generate)
    i2c_stop_generate                        0x08004fd3   Thumb Code    10  at32f403a_407_i2c.o(i.i2c_stop_generate)
    i2c_wait_end                             0x08004fdd   Thumb Code    28  i2c_application.o(i.i2c_wait_end)
    i2c_wait_flag                            0x08004ff9   Thumb Code   134  i2c_application.o(i.i2c_wait_flag)
    main                                     0x08005085   Thumb Code   594  main.o(i.main)
    nvic_irq_enable                          0x08005391   Thumb Code   118  at32f403a_407_misc.o(i.nvic_irq_enable)
    nvic_priority_group_config               0x0800540d   Thumb Code    26  at32f403a_407_misc.o(i.nvic_priority_group_config)
    nvic_system_reset                        0x08005431   Thumb Code    26  at32f403a_407_misc.o(i.nvic_system_reset)
    set_IMGsrc                               0x08005455   Thumb Code     8  ejpeg.o(i.set_IMGsrc)
    sqrt                                     0x08005461   Thumb Code   110  sqrt.o(i.sqrt)
    system_clock_config                      0x080054d1   Thumb Code   122  at32f403a_407_clock.o(i.system_clock_config)
    system_core_clock_update                 0x0800554d   Thumb Code   136  system_at32f403a_407.o(i.system_core_clock_update)
    systick_clock_source_config              0x080055f1   Thumb Code    24  at32f403a_407_misc.o(i.systick_clock_source_config)
    uart_print_init                          0x08005609   Thumb Code    96  at32f403a_407_board.o(i.uart_print_init)
    usart_data_transmit                      0x08005675   Thumb Code     8  at32f403a_407_usart.o(i.usart_data_transmit)
    usart_enable                             0x0800567d   Thumb Code    10  at32f403a_407_usart.o(i.usart_enable)
    usart_flag_get                           0x08005687   Thumb Code    10  at32f403a_407_usart.o(i.usart_flag_get)
    usart_init                               0x08005691   Thumb Code   106  at32f403a_407_usart.o(i.usart_init)
    usart_transmitter_enable                 0x0800570d   Thumb Code    10  at32f403a_407_usart.o(i.usart_transmitter_enable)
    usb_buffer_free                          0x08005719   Thumb Code     8  at32f403a_407_usb.o(i.usb_buffer_free)
    usb_buffer_malloc                        0x08005725   Thumb Code    12  at32f403a_407_usb.o(i.usb_buffer_malloc)
    usb_clock48m_select                      0x08005735   Thumb Code   132  main.o(i.usb_clock48m_select)
    usb_connect                              0x080057cd   Thumb Code    18  at32f403a_407_usb.o(i.usb_connect)
    usb_dev_init                             0x080057df   Thumb Code    28  at32f403a_407_usb.o(i.usb_dev_init)
    usb_enter_suspend                        0x080057fb   Thumb Code    18  at32f403a_407_usb.o(i.usb_enter_suspend)
    usb_ept_close                            0x0800580d   Thumb Code   254  at32f403a_407_usb.o(i.usb_ept_close)
    usb_ept_open                             0x08005911   Thumb Code   848  at32f403a_407_usb.o(i.usb_ept_open)
    usb_exit_suspend                         0x08005c6d   Thumb Code    18  at32f403a_407_usb.o(i.usb_exit_suspend)
    usb_flag_clear                           0x08005c7f   Thumb Code     6  at32f403a_407_usb.o(i.usb_flag_clear)
    usb_interrupt_enable                     0x08005c85   Thumb Code    16  at32f403a_407_usb.o(i.usb_interrupt_enable)
    usb_read_packet                          0x08005c95   Thumb Code    36  at32f403a_407_usb.o(i.usb_read_packet)
    usb_set_address                          0x08005cbd   Thumb Code    18  at32f403a_407_usb.o(i.usb_set_address)
    usb_usbbufs_enable                       0x08005cd1   Thumb Code    34  at32f403a_407_usb.o(i.usb_usbbufs_enable)
    usb_write_packet                         0x08005d05   Thumb Code    36  at32f403a_407_usb.o(i.usb_write_packet)
    usbd_clear_stall                         0x08005d2d   Thumb Code    88  usbd_core.o(i.usbd_clear_stall)
    usbd_connect                             0x08005d89   Thumb Code     6  usbd_core.o(i.usbd_connect)
    usbd_core_in_handler                     0x08005d8f   Thumb Code   166  usbd_core.o(i.usbd_core_in_handler)
    usbd_core_init                           0x08005e35   Thumb Code    42  usbd_core.o(i.usbd_core_init)
    usbd_core_out_handler                    0x08005e5f   Thumb Code   106  usbd_core.o(i.usbd_core_out_handler)
    usbd_core_setup_handler                  0x08005ec9   Thumb Code    80  usbd_core.o(i.usbd_core_setup_handler)
    usbd_ctrl_recv                           0x08005f19   Thumb Code    28  usbd_core.o(i.usbd_ctrl_recv)
    usbd_ctrl_recv_status                    0x08005f35   Thumb Code    16  usbd_core.o(i.usbd_ctrl_recv_status)
    usbd_ctrl_send                           0x08005f45   Thumb Code    24  usbd_core.o(i.usbd_ctrl_send)
    usbd_ctrl_send_status                    0x08005f5d   Thumb Code    16  usbd_core.o(i.usbd_ctrl_send_status)
    usbd_ctrl_unsupport                      0x08005f6d   Thumb Code    22  usbd_core.o(i.usbd_ctrl_unsupport)
    usbd_device_request                      0x08005f83   Thumb Code   262  usbd_sdr.o(i.usbd_device_request)
    usbd_endpoint_request                    0x08006089   Thumb Code   220  usbd_sdr.o(i.usbd_endpoint_request)
    usbd_enter_suspend                       0x08006165   Thumb Code     6  usbd_core.o(i.usbd_enter_suspend)
    usbd_ept_buf_auto_define                 0x0800616b   Thumb Code    62  usbd_core.o(i.usbd_ept_buf_auto_define)
    usbd_ept_close                           0x080061a9   Thumb Code    26  usbd_core.o(i.usbd_ept_close)
    usbd_ept_dbuffer_enable                  0x080061c3   Thumb Code    26  usbd_core.o(i.usbd_ept_dbuffer_enable)
    usbd_ept_defaut_init                     0x080061dd   Thumb Code    86  usbd_core.o(i.usbd_ept_defaut_init)
    usbd_ept_loop_handler                    0x08006233   Thumb Code    26  usbd_int.o(i.usbd_ept_loop_handler)
    usbd_ept_open                            0x0800624d   Thumb Code    62  usbd_core.o(i.usbd_ept_open)
    usbd_ept_recv                            0x0800628d   Thumb Code    80  usbd_core.o(i.usbd_ept_recv)
    usbd_ept_send                            0x080062e1   Thumb Code   220  usbd_core.o(i.usbd_ept_send)
    usbd_eptn_handler                        0x080063c9   Thumb Code   376  usbd_int.o(i.usbd_eptn_handler)
    usbd_interface_request                   0x08006611   Thumb Code    52  usbd_sdr.o(i.usbd_interface_request)
    usbd_irq_handler                         0x08006645   Thumb Code   140  usbd_int.o(i.usbd_irq_handler)
    usbd_reset_handler                       0x080066d1   Thumb Code    72  usbd_int.o(i.usbd_reset_handler)
    usbd_set_stall                           0x08006791   Thumb Code    88  usbd_core.o(i.usbd_set_stall)
    usbd_setup_request_parse                 0x080067ed   Thumb Code    40  usbd_sdr.o(i.usbd_setup_request_parse)
    usbd_sof_handler                         0x08006815   Thumb Code    12  usbd_int.o(i.usbd_sof_handler)
    usbd_suspend_handler                     0x08006821   Thumb Code    44  usbd_int.o(i.usbd_suspend_handler)
    usbd_wakeup_handler                      0x0800687f   Thumb Code    38  usbd_int.o(i.usbd_wakeup_handler)
    __aeabi_dneg                             0x080068a5   Thumb Code     0  basic.o(x$fpl$basic)
    _dneg                                    0x080068a5   Thumb Code     6  basic.o(x$fpl$basic)
    __aeabi_fneg                             0x080068ab   Thumb Code     0  basic.o(x$fpl$basic)
    _fneg                                    0x080068ab   Thumb Code     6  basic.o(x$fpl$basic)
    _dabs                                    0x080068b1   Thumb Code     6  basic.o(x$fpl$basic)
    _fabs                                    0x080068b7   Thumb Code     6  basic.o(x$fpl$basic)
    __aeabi_d2f                              0x080068bd   Thumb Code     0  d2f.o(x$fpl$d2f)
    _d2f                                     0x080068bd   Thumb Code    98  d2f.o(x$fpl$d2f)
    __aeabi_dadd                             0x08006921   Thumb Code     0  daddsub_clz.o(x$fpl$dadd)
    _dadd                                    0x08006921   Thumb Code   332  daddsub_clz.o(x$fpl$dadd)
    __fpl_dcheck_NaN1                        0x08006a71   Thumb Code    10  dcheck1.o(x$fpl$dcheck1)
    __fpl_dcmp_Inf                           0x08006a81   Thumb Code    24  dcmpi.o(x$fpl$dcmpinf)
    __aeabi_ddiv                             0x08006a99   Thumb Code     0  ddiv.o(x$fpl$ddiv)
    _ddiv                                    0x08006a99   Thumb Code   552  ddiv.o(x$fpl$ddiv)
    __aeabi_d2iz                             0x08006d49   Thumb Code     0  dfix.o(x$fpl$dfix)
    _dfix                                    0x08006d49   Thumb Code    94  dfix.o(x$fpl$dfix)
    __aeabi_d2uiz                            0x08006da9   Thumb Code     0  dfixu.o(x$fpl$dfixu)
    _dfixu                                   0x08006da9   Thumb Code    90  dfixu.o(x$fpl$dfixu)
    __aeabi_i2d                              0x08006e03   Thumb Code     0  dflt_clz.o(x$fpl$dflt)
    _dflt                                    0x08006e03   Thumb Code    46  dflt_clz.o(x$fpl$dflt)
    __aeabi_ui2d                             0x08006e31   Thumb Code     0  dflt_clz.o(x$fpl$dfltu)
    _dfltu                                   0x08006e31   Thumb Code    38  dflt_clz.o(x$fpl$dfltu)
    __aeabi_cdcmple                          0x08006e59   Thumb Code     0  dleqf.o(x$fpl$dleqf)
    _dcmple                                  0x08006e59   Thumb Code   120  dleqf.o(x$fpl$dleqf)
    __fpl_dcmple_InfNaN                      0x08006ebb   Thumb Code     0  dleqf.o(x$fpl$dleqf)
    __aeabi_dmul                             0x08006ed1   Thumb Code     0  dmul.o(x$fpl$dmul)
    _dmul                                    0x08006ed1   Thumb Code   332  dmul.o(x$fpl$dmul)
    __fpl_dnaninf                            0x08007025   Thumb Code   156  dnaninf.o(x$fpl$dnaninf)
    __fpl_dretinf                            0x080070c1   Thumb Code    12  dretinf.o(x$fpl$dretinf)
    __aeabi_cdrcmple                         0x080070cd   Thumb Code     0  drleqf.o(x$fpl$drleqf)
    _drcmple                                 0x080070cd   Thumb Code   108  drleqf.o(x$fpl$drleqf)
    __aeabi_drsub                            0x08007139   Thumb Code     0  daddsub_clz.o(x$fpl$drsb)
    _drsb                                    0x08007139   Thumb Code    22  daddsub_clz.o(x$fpl$drsb)
    _dsqrt                                   0x08007151   Thumb Code   404  dsqrt_umaal.o(x$fpl$dsqrt)
    __aeabi_dsub                             0x080072e9   Thumb Code     0  daddsub_clz.o(x$fpl$dsub)
    _dsub                                    0x080072e9   Thumb Code   464  daddsub_clz.o(x$fpl$dsub)
    __aeabi_f2d                              0x080074bd   Thumb Code     0  f2d.o(x$fpl$f2d)
    _f2d                                     0x080074bd   Thumb Code    86  f2d.o(x$fpl$f2d)
    __fpl_fnaninf                            0x08007513   Thumb Code   140  fnaninf.o(x$fpl$fnaninf)
    _fp_init                                 0x0800759f   Thumb Code    10  fpinit.o(x$fpl$fpinit)
    __fplib_config_fpu_vfp                   0x080075a7   Thumb Code     0  fpinit.o(x$fpl$fpinit)
    __fplib_config_pureend_doubles           0x080075a7   Thumb Code     0  fpinit.o(x$fpl$fpinit)
    __fpl_fretinf                            0x080075a9   Thumb Code    10  fretinf.o(x$fpl$fretinf)
    __fpl_return_NaN                         0x080075b3   Thumb Code   100  retnan.o(x$fpl$retnan)
    __ARM_scalbn                             0x08007617   Thumb Code    92  scalbn.o(x$fpl$scalbn)
    __fpl_cmpreturn                          0x08007673   Thumb Code    48  trapv.o(x$fpl$trapveneer)
    __I$use$fp                               0x080076a2   Number         0  usenofp.o(x$fpl$usenofp)
    __mathlib_zero                           0x08007768   Data           8  qnan.o(.constdata)
    Region$$Table$$Base                      0x08007770   Number         0  anon$$obj.o(Region$$Table)
    Region$$Table$$Limit                     0x08007790   Number         0  anon$$obj.o(Region$$Table)
    buffnow                                  0x20000000   Data           1  main.o(.data)
    status                                   0x20000004   Data           1  main.o(.data)
    buffsta                                  0x20000005   Data           2  main.o(.data)
    statusReg                                0x20000008   Data           2  main.o(.data)
    emissivity                               0x2000000c   Data           4  main.o(.data)
    Ta                                       0x20000010   Data           4  main.o(.data)
    colormap1                                0x20000014   Data         768  main.o(.data)
    led_gpio_pin                             0x20000320   Data           6  at32f403a_407_board.o(.data)
    led_gpio_port                            0x20000328   Data          12  at32f403a_407_board.o(.data)
    led_gpio_crm_clk                         0x20000334   Data          12  at32f403a_407_board.o(.data)
    __stdout                                 0x20000340   Data           4  at32f403a_407_board.o(.data)
    g_usb_packet_address                     0x20000348   Data           4  at32f403a_407_usb.o(.data)
    system_core_clock                        0x2000034c   Data           4  system_at32f403a_407.o(.data)
    play_status                              0x20000358   Data           1  video_class.o(.data)
    packet_count                             0x2000035a   Data           2  video_class.o(.data)
    packet_remainder                         0x2000035c   Data           2  video_class.o(.data)
    packet_index                             0x2000035e   Data           2  video_class.o(.data)
    payload_header                           0x20000360   Data           2  video_class.o(.data)
    jpeg_data                                0x20000364   Data           4  video_class.o(.data)
    buffselect                               0x20000368   Data           8  video_class.o(.data)
    video_class_handler                      0x20000370   Data          40  video_class.o(.data)
    video_desc_handler                       0x20000398   Data          40  video_desc.o(.data)
    USBD_UVC_ProbeControl                    0x20000473   Data          34  video_desc.o(.data)
    USBD_UVC_CommitControl                   0x20000495   Data          34  video_desc.o(.data)
    jpg_bitindex                             0x20000500   Data           2  ejpeg.o(.data)
    jpg_streamfptr                           0x20000504   Data           4  ejpeg.o(.data)
    jpg_FlushStream                          0x20000508   Data           4  ejpeg.o(.data)
    jpgenc                                   0x2000050c   Data           4  ejpeg.o(.data)
    jpg_bitsbuf                              0x20000510   Data           4  ejpeg.o(.data)
    jpg_outstream                            0x20000514   Data           4  ejpeg.o(.data)
    jpg_outbufsize                           0x20000518   Data           4  ejpeg.o(.data)
    max                                      0x20000be0   Data           4  mlx90640_api.o(.data)
    min                                      0x20000be4   Data           4  mlx90640_api.o(.data)
    jpeg_data1                               0x20000bec   Data       16000  main.o(.bss)
    jpeg_data2                               0x20004a6c   Data       16000  main.o(.bss)
    map                                      0x200088ec   Data       38400  main.o(.bss)
    gray                                     0x20011eec   Data         768  main.o(.bss)
    mlx90640To                               0x200121ec   Data        3072  main.o(.bss)
    frame                                    0x20012dec   Data        1668  main.o(.bss)
    mlx90640                                 0x20013470   Data        4732  main.o(.bss)
    usb_core_dev                             0x200146ec   Data         556  main.o(.bss)
    packet                                   0x20014918   Data         256  video_class.o(.bss)
    video_struct                             0x20014a18   Data          80  video_class.o(.bss)
    jpgenc_struct                            0x20014b68   Data          32  ejpeg.o(.bss)
    app_Y_QT                                 0x20014b88   Data          64  ejpeg.o(.bss)
    app_UV_QT                                0x20014bc8   Data          64  ejpeg.o(.bss)
    inv_Y_QT                                 0x20014c08   Data         128  ejpeg.o(.bss)
    inv_UV_QT                                0x20014c88   Data         128  ejpeg.o(.bss)
    jpg_mcubuff                              0x20014d08   Data         768  ejpeg.o(.bss)
    jpg_appdat_buf                           0x20015008   Data          64  ejpeg.o(.bss)
    hi2cx                                    0x20015048   Data          56  mlx90640_i2c_driver.o(.bss)
    __libspace_start                         0x20015080   Data          96  libspace.o(.bss)
    __temporary_stack_top$libspace           0x200150e0   Data           0  libspace.o(.bss)



==============================================================================

Memory Map of the image

  Image Entry point : 0x08000185

  Load Region LR_IROM1 (Base: 0x08000000, Size: 0x0000837c, Max: 0x00100000, ABSOLUTE, COMPRESSED[0x0000805c])

    Execution Region ER_IROM1 (Exec base: 0x08000000, Load base: 0x08000000, Size: 0x00007790, Max: 0x00100000, ABSOLUTE)

    Exec Addr    Load Addr    Size         Type   Attr      Idx    E Section Name        Object

    0x08000000   0x08000000   0x00000184   Data   RO         3764    RESET               startup_at32f403a_407.o
    0x08000184   0x08000184   0x00000008   Code   RO         4863  * !!!main             c_w.l(__main.o)
    0x0800018c   0x0800018c   0x00000034   Code   RO         5147    !!!scatter          c_w.l(__scatter.o)
    0x080001c0   0x080001c0   0x00000064   Code   RO         5145    !!dclz77c           c_w.l(__dclz77c.o)
    0x08000224   0x08000224   0x0000001c   Code   RO         5149    !!handler_zi        c_w.l(__scatter_zi.o)
    0x08000240   0x08000240   0x00000002   Code   RO         5018    .ARM.Collect$$libinit$$00000000  c_w.l(libinit.o)
    0x08000242   0x08000242   0x00000004   Code   RO         5023    .ARM.Collect$$libinit$$00000001  c_w.l(libinit2.o)
    0x08000246   0x08000246   0x00000000   Code   RO         5026    .ARM.Collect$$libinit$$00000004  c_w.l(libinit2.o)
    0x08000246   0x08000246   0x00000000   Code   RO         5029    .ARM.Collect$$libinit$$0000000A  c_w.l(libinit2.o)
    0x08000246   0x08000246   0x00000000   Code   RO         5031    .ARM.Collect$$libinit$$0000000C  c_w.l(libinit2.o)
    0x08000246   0x08000246   0x00000000   Code   RO         5033    .ARM.Collect$$libinit$$0000000E  c_w.l(libinit2.o)
    0x08000246   0x08000246   0x00000000   Code   RO         5036    .ARM.Collect$$libinit$$00000011  c_w.l(libinit2.o)
    0x08000246   0x08000246   0x00000000   Code   RO         5038    .ARM.Collect$$libinit$$00000013  c_w.l(libinit2.o)
    0x08000246   0x08000246   0x00000000   Code   RO         5040    .ARM.Collect$$libinit$$00000015  c_w.l(libinit2.o)
    0x08000246   0x08000246   0x00000000   Code   RO         5042    .ARM.Collect$$libinit$$00000017  c_w.l(libinit2.o)
    0x08000246   0x08000246   0x00000000   Code   RO         5044    .ARM.Collect$$libinit$$00000019  c_w.l(libinit2.o)
    0x08000246   0x08000246   0x00000000   Code   RO         5046    .ARM.Collect$$libinit$$0000001B  c_w.l(libinit2.o)
    0x08000246   0x08000246   0x00000000   Code   RO         5048    .ARM.Collect$$libinit$$0000001D  c_w.l(libinit2.o)
    0x08000246   0x08000246   0x00000000   Code   RO         5050    .ARM.Collect$$libinit$$0000001F  c_w.l(libinit2.o)
    0x08000246   0x08000246   0x00000000   Code   RO         5052    .ARM.Collect$$libinit$$00000021  c_w.l(libinit2.o)
    0x08000246   0x08000246   0x00000000   Code   RO         5054    .ARM.Collect$$libinit$$00000023  c_w.l(libinit2.o)
    0x08000246   0x08000246   0x00000000   Code   RO         5056    .ARM.Collect$$libinit$$00000025  c_w.l(libinit2.o)
    0x08000246   0x08000246   0x00000000   Code   RO         5060    .ARM.Collect$$libinit$$0000002C  c_w.l(libinit2.o)
    0x08000246   0x08000246   0x00000000   Code   RO         5062    .ARM.Collect$$libinit$$0000002E  c_w.l(libinit2.o)
    0x08000246   0x08000246   0x00000000   Code   RO         5064    .ARM.Collect$$libinit$$00000030  c_w.l(libinit2.o)
    0x08000246   0x08000246   0x00000000   Code   RO         5066    .ARM.Collect$$libinit$$00000032  c_w.l(libinit2.o)
    0x08000246   0x08000246   0x00000002   Code   RO         5067    .ARM.Collect$$libinit$$00000033  c_w.l(libinit2.o)
    0x08000248   0x08000248   0x00000002   Code   RO         5087    .ARM.Collect$$libshutdown$$00000000  c_w.l(libshutdown.o)
    0x0800024a   0x0800024a   0x00000000   Code   RO         5097    .ARM.Collect$$libshutdown$$00000002  c_w.l(libshutdown2.o)
    0x0800024a   0x0800024a   0x00000000   Code   RO         5099    .ARM.Collect$$libshutdown$$00000004  c_w.l(libshutdown2.o)
    0x0800024a   0x0800024a   0x00000000   Code   RO         5101    .ARM.Collect$$libshutdown$$00000006  c_w.l(libshutdown2.o)
    0x0800024a   0x0800024a   0x00000000   Code   RO         5104    .ARM.Collect$$libshutdown$$00000009  c_w.l(libshutdown2.o)
    0x0800024a   0x0800024a   0x00000000   Code   RO         5107    .ARM.Collect$$libshutdown$$0000000C  c_w.l(libshutdown2.o)
    0x0800024a   0x0800024a   0x00000000   Code   RO         5109    .ARM.Collect$$libshutdown$$0000000E  c_w.l(libshutdown2.o)
    0x0800024a   0x0800024a   0x00000000   Code   RO         5112    .ARM.Collect$$libshutdown$$00000011  c_w.l(libshutdown2.o)
    0x0800024a   0x0800024a   0x00000002   Code   RO         5113    .ARM.Collect$$libshutdown$$00000012  c_w.l(libshutdown2.o)
    0x0800024c   0x0800024c   0x00000000   Code   RO         4923    .ARM.Collect$$rtentry$$00000000  c_w.l(__rtentry.o)
    0x0800024c   0x0800024c   0x00000000   Code   RO         4975    .ARM.Collect$$rtentry$$00000002  c_w.l(__rtentry2.o)
    0x0800024c   0x0800024c   0x00000006   Code   RO         4987    .ARM.Collect$$rtentry$$00000004  c_w.l(__rtentry4.o)
    0x08000252   0x08000252   0x00000000   Code   RO         4977    .ARM.Collect$$rtentry$$00000009  c_w.l(__rtentry2.o)
    0x08000252   0x08000252   0x00000004   Code   RO         4978    .ARM.Collect$$rtentry$$0000000A  c_w.l(__rtentry2.o)
    0x08000256   0x08000256   0x00000000   Code   RO         4980    .ARM.Collect$$rtentry$$0000000C  c_w.l(__rtentry2.o)
    0x08000256   0x08000256   0x00000008   Code   RO         4981    .ARM.Collect$$rtentry$$0000000D  c_w.l(__rtentry2.o)
    0x0800025e   0x0800025e   0x00000002   Code   RO         5021    .ARM.Collect$$rtexit$$00000000  c_w.l(rtexit.o)
    0x08000260   0x08000260   0x00000000   Code   RO         5071    .ARM.Collect$$rtexit$$00000002  c_w.l(rtexit2.o)
    0x08000260   0x08000260   0x00000004   Code   RO         5072    .ARM.Collect$$rtexit$$00000003  c_w.l(rtexit2.o)
    0x08000264   0x08000264   0x00000006   Code   RO         5073    .ARM.Collect$$rtexit$$00000004  c_w.l(rtexit2.o)
    0x0800026a   0x0800026a   0x00000002   PAD
    0x0800026c   0x0800026c   0x00000060   Code   RO         3765    .text               startup_at32f403a_407.o
    0x080002cc   0x080002cc   0x00000002   Code   RO         4849    .text               c_w.l(use_no_semi_2.o)
    0x080002ce   0x080002ce   0x00000002   PAD
    0x080002d0   0x080002d0   0x00000018   Code   RO         4853    .text               c_w.l(noretval__2printf.o)
    0x080002e8   0x080002e8   0x0000008a   Code   RO         4855    .text               c_w.l(rt_memcpy_v6.o)
    0x08000372   0x08000372   0x00000044   Code   RO         4857    .text               c_w.l(rt_memclr.o)
    0x080003b6   0x080003b6   0x0000004e   Code   RO         4859    .text               c_w.l(rt_memclr_w.o)
    0x08000404   0x08000404   0x00000006   Code   RO         4861    .text               c_w.l(heapauxi.o)
    0x0800040a   0x0800040a   0x00000002   Code   RO         4921    .text               c_w.l(use_no_semi.o)
    0x0800040c   0x0800040c   0x00000016   Code   RO         4924    .text               c_w.l(_rserrno.o)
    0x08000422   0x08000422   0x00000002   PAD
    0x08000424   0x08000424   0x00000024   Code   RO         4926    .text               c_w.l(_printf_char_file.o)
    0x08000448   0x08000448   0x00000064   Code   RO         4928    .text               c_w.l(rt_memcpy_w.o)
    0x080004ac   0x080004ac   0x00000008   Code   RO         4992    .text               c_w.l(rt_errno_addr_intlibspace.o)
    0x080004b4   0x080004b4   0x00000030   Code   RO         4994    .text               c_w.l(_printf_char_common.o)
    0x080004e4   0x080004e4   0x00000008   Code   RO         4996    .text               c_w.l(ferror.o)
    0x080004ec   0x080004ec   0x00000008   Code   RO         5004    .text               c_w.l(libspace.o)
    0x080004f4   0x080004f4   0x0000004a   Code   RO         5007    .text               c_w.l(sys_stackheap_outer.o)
    0x0800053e   0x0800053e   0x00000028   Code   RO         5009    .text               c_w.l(__printf_nopercent.o)
    0x08000566   0x08000566   0x00000012   Code   RO         5011    .text               c_w.l(exit.o)
    0x08000578   0x08000578   0x00000002   Code   RO          142    i.BusFault_Handler  at32f403a_407_int.o
    0x0800057a   0x0800057a   0x00000002   Code   RO          233    i.CallBack          main.o
    0x0800057c   0x0800057c   0x0000001e   Code   RO         4324    i.CheckAdjacentPixels  mlx90640_api.o
    0x0800059a   0x0800059a   0x00000002   PAD
    0x0800059c   0x0800059c   0x0000026e   Code   RO         4227    i.DCT               ejpeg.o
    0x0800080a   0x0800080a   0x00000002   Code   RO          143    i.DebugMon_Handler  at32f403a_407_int.o
    0x0800080c   0x0800080c   0x00000038   Code   RO         3722    i.Extend_SRAM       system_at32f403a_407.o
    0x08000844   0x08000844   0x000002d0   Code   RO         4325    i.ExtractAlphaParameters  mlx90640_api.o
    0x08000b14   0x08000b14   0x000000a8   Code   RO         4326    i.ExtractCILCParameters  mlx90640_api.o
    0x08000bbc   0x08000bbc   0x000001d0   Code   RO         4327    i.ExtractCPParameters  mlx90640_api.o
    0x08000d8c   0x08000d8c   0x00000140   Code   RO         4328    i.ExtractDeviatingPixels  mlx90640_api.o
    0x08000ecc   0x08000ecc   0x00000010   Code   RO         4329    i.ExtractGainParameters  mlx90640_api.o
    0x08000edc   0x08000edc   0x0000003c   Code   RO         4330    i.ExtractKsTaParameters  mlx90640_api.o
    0x08000f18   0x08000f18   0x000000e0   Code   RO         4331    i.ExtractKsToParameters  mlx90640_api.o
    0x08000ff8   0x08000ff8   0x00000240   Code   RO         4332    i.ExtractKtaPixelParameters  mlx90640_api.o
    0x08001238   0x08001238   0x000001dc   Code   RO         4333    i.ExtractKvPixelParameters  mlx90640_api.o
    0x08001414   0x08001414   0x00000106   Code   RO         4334    i.ExtractOffsetParameters  mlx90640_api.o
    0x0800151a   0x0800151a   0x00000002   PAD
    0x0800151c   0x0800151c   0x000000d0   Code   RO         4335    i.ExtractPTATParameters  mlx90640_api.o
    0x080015ec   0x080015ec   0x00000038   Code   RO         4337    i.ExtractTgcParameters  mlx90640_api.o
    0x08001624   0x08001624   0x00000020   Code   RO         4338    i.ExtractVDDParameters  mlx90640_api.o
    0x08001644   0x08001644   0x00000002   Code   RO          144    i.HardFault_Handler  at32f403a_407_int.o
    0x08001646   0x08001646   0x00000002   PAD
    0x08001648   0x08001648   0x0000000c   Code   RO          145    i.I2C1_ERR_IRQHandler  at32f403a_407_int.o
    0x08001654   0x08001654   0x0000000c   Code   RO          146    i.I2C1_EVT_IRQHandler  at32f403a_407_int.o
    0x08001660   0x08001660   0x00000198   Code   RO         4228    i.JPG_Encode        ejpeg.o
    0x080017f8   0x080017f8   0x0000001c   Code   RO         4230    i.JPG_WriteHeader   ejpeg.o
    0x08001814   0x08001814   0x00000368   Code   RO         4231    i.JPG_huffman       ejpeg.o
    0x08001b7c   0x08001b7c   0x00000048   Code   RO         4232    i.JPG_initImgFormat  ejpeg.o
    0x08001bc4   0x08001bc4   0x00000010   Code   RO         4233    i.JPG_initOutStream  ejpeg.o
    0x08001bd4   0x08001bd4   0x000000c2   Code   RO         4234    i.JPG_quantization  ejpeg.o
    0x08001c96   0x08001c96   0x00000002   PAD
    0x08001c98   0x08001c98   0x0000027c   Code   RO         4235    i.JPG_readsrc_yuv   ejpeg.o
    0x08001f14   0x08001f14   0x0000000c   Code   RO         4236    i.JPG_setOutBuff    ejpeg.o
    0x08001f20   0x08001f20   0x00000098   Code   RO         4237    i.JPG_setquality    ejpeg.o
    0x08001fb8   0x08001fb8   0x000001f4   Code   RO         4238    i.JPG_writeheader   ejpeg.o
    0x080021ac   0x080021ac   0x00000724   Code   RO         4342    i.MLX90640_CalculateTo  mlx90640_api.o
    0x080028d0   0x080028d0   0x0000000e   Code   RO         4343    i.MLX90640_DumpEE   mlx90640_api.o
    0x080028de   0x080028de   0x0000007a   Code   RO         4344    i.MLX90640_ExtractParameters  mlx90640_api.o
    0x08002958   0x08002958   0x000000b2   Code   RO         4347    i.MLX90640_GetFrameData  mlx90640_api.o
    0x08002a0a   0x08002a0a   0x00000002   PAD
    0x08002a0c   0x08002a0c   0x0000011c   Code   RO         4351    i.MLX90640_GetTa    mlx90640_api.o
    0x08002b28   0x08002b28   0x000000dc   Code   RO         4352    i.MLX90640_GetVdd   mlx90640_api.o
    0x08002c04   0x08002c04   0x00000020   Code   RO         4572    i.MLX90640_I2CInit  mlx90640_i2c_driver.o
    0x08002c24   0x08002c24   0x00000094   Code   RO         4573    i.MLX90640_I2CRead  mlx90640_i2c_driver.o
    0x08002cb8   0x08002cb8   0x00000084   Code   RO         4574    i.MLX90640_I2CWrite  mlx90640_i2c_driver.o
    0x08002d3c   0x08002d3c   0x00000028   Code   RO         4353    i.MLX90640_SetChessMode  mlx90640_api.o
    0x08002d64   0x08002d64   0x00000030   Code   RO         4355    i.MLX90640_SetRefreshRate  mlx90640_api.o
    0x08002d94   0x08002d94   0x00000002   Code   RO          147    i.MemManage_Handler  at32f403a_407_int.o
    0x08002d96   0x08002d96   0x00000002   Code   RO          148    i.NMI_Handler       at32f403a_407_int.o
    0x08002d98   0x08002d98   0x00000002   Code   RO          149    i.PendSV_Handler    at32f403a_407_int.o
    0x08002d9a   0x08002d9a   0x00000002   Code   RO          150    i.SVC_Handler       at32f403a_407_int.o
    0x08002d9c   0x08002d9c   0x00000002   Code   RO          151    i.SysTick_Handler   at32f403a_407_int.o
    0x08002d9e   0x08002d9e   0x00000002   PAD
    0x08002da0   0x08002da0   0x00000058   Code   RO         3723    i.SystemInit        system_at32f403a_407.o
    0x08002df8   0x08002df8   0x0000000c   Code   RO          234    i.USBFS_L_CAN1_RX0_IRQHandler  main.o
    0x08002e04   0x08002e04   0x00000002   Code   RO          152    i.UsageFault_Handler  at32f403a_407_int.o
    0x08002e06   0x08002e06   0x00000002   PAD
    0x08002e08   0x08002e08   0x0000007a   Code   RO         4359    i.ValidateAuxData   mlx90640_api.o
    0x08002e82   0x08002e82   0x00000002   PAD
    0x08002e84   0x08002e84   0x00000038   Code   RO         4360    i.ValidateFrameData  mlx90640_api.o
    0x08002ebc   0x08002ebc   0x00000030   Code   RO         4969    i.__ARM_fpclassify  m_wm.l(fpclassify.o)
    0x08002eec   0x08002eec   0x00000004   PAD
    0x08002ef0   0x08002ef0   0x00000c50   Code   RO         4895    i.__hardfp_pow      m_wm.l(pow.o)
    0x08003b40   0x08003b40   0x0000007a   Code   RO         4909    i.__hardfp_sqrt     m_wm.l(sqrt.o)
    0x08003bba   0x08003bba   0x000000f8   Code   RO         4971    i.__kernel_poly     m_wm.l(poly.o)
    0x08003cb2   0x08003cb2   0x00000006   PAD
    0x08003cb8   0x08003cb8   0x00000030   Code   RO         4949    i.__mathlib_dbl_divzero  m_wm.l(dunder.o)
    0x08003ce8   0x08003ce8   0x00000014   Code   RO         4951    i.__mathlib_dbl_infnan2  m_wm.l(dunder.o)
    0x08003cfc   0x08003cfc   0x00000004   PAD
    0x08003d00   0x08003d00   0x00000020   Code   RO         4952    i.__mathlib_dbl_invalid  m_wm.l(dunder.o)
    0x08003d20   0x08003d20   0x00000020   Code   RO         4953    i.__mathlib_dbl_overflow  m_wm.l(dunder.o)
    0x08003d40   0x08003d40   0x00000020   Code   RO         4955    i.__mathlib_dbl_underflow  m_wm.l(dunder.o)
    0x08003d60   0x08003d60   0x00000002   Code   RO          344    i._sys_exit         at32f403a_407_board.o
    0x08003d62   0x08003d62   0x00000002   PAD
    0x08003d64   0x08003d64   0x00000024   Code   RO          471    i.acc_calibration_mode_enable  at32f403a_407_acc.o
    0x08003d88   0x08003d88   0x0000000c   Code   RO          481    i.acc_write_c1      at32f403a_407_acc.o
    0x08003d94   0x08003d94   0x0000000c   Code   RO          482    i.acc_write_c2      at32f403a_407_acc.o
    0x08003da0   0x08003da0   0x0000000c   Code   RO          483    i.acc_write_c3      at32f403a_407_acc.o
    0x08003dac   0x08003dac   0x0000005c   Code   RO          346    i.at32_board_init   at32f403a_407_board.o
    0x08003e08   0x08003e08   0x0000000e   Code   RO         4058    i.class_clear_handler  video_class.o
    0x08003e16   0x08003e16   0x00000004   Code   RO         4059    i.class_ept0_rx_handler  video_class.o
    0x08003e1a   0x08003e1a   0x00000004   Code   RO         4060    i.class_ept0_tx_handler  video_class.o
    0x08003e1e   0x08003e1e   0x00000004   Code   RO         4061    i.class_event_handler  video_class.o
    0x08003e22   0x08003e22   0x00000002   PAD
    0x08003e24   0x08003e24   0x000000e8   Code   RO         4062    i.class_in_handler  video_class.o
    0x08003f0c   0x08003f0c   0x0000001e   Code   RO         4063    i.class_init_handler  video_class.o
    0x08003f2a   0x08003f2a   0x00000004   Code   RO         4064    i.class_out_handler  video_class.o
    0x08003f2e   0x08003f2e   0x00000002   PAD
    0x08003f30   0x08003f30   0x000000e0   Code   RO         4065    i.class_setup_handler  video_class.o
    0x08004010   0x08004010   0x00000050   Code   RO         4066    i.class_sof_handler  video_class.o
    0x08004060   0x08004060   0x0000004c   Code   RO         4239    i.close_bitstream   ejpeg.o
    0x080040ac   0x080040ac   0x00000010   Code   RO         1102    i.crm_ahb_div_set   at32f403a_407_crm.o
    0x080040bc   0x080040bc   0x00000010   Code   RO         1103    i.crm_apb1_div_set  at32f403a_407_crm.o
    0x080040cc   0x080040cc   0x00000010   Code   RO         1104    i.crm_apb2_div_set  at32f403a_407_crm.o
    0x080040dc   0x080040dc   0x0000001c   Code   RO         1105    i.crm_auto_step_mode_enable  at32f403a_407_crm.o
    0x080040f8   0x080040f8   0x00000044   Code   RO         1111    i.crm_clock_source_enable  at32f403a_407_crm.o
    0x0800413c   0x0800413c   0x000000e0   Code   RO         1112    i.crm_clocks_freq_get  at32f403a_407_crm.o
    0x0800421c   0x0800421c   0x00000020   Code   RO         1114    i.crm_flag_get      at32f403a_407_crm.o
    0x0800423c   0x0800423c   0x00000028   Code   RO         1117    i.crm_hext_stable_wait  at32f403a_407_crm.o
    0x08004264   0x08004264   0x00000010   Code   RO         1120    i.crm_hick_divider_select  at32f403a_407_crm.o
    0x08004274   0x08004274   0x0000001c   Code   RO         1121    i.crm_hick_sclk_frequency_select  at32f403a_407_crm.o
    0x08004290   0x08004290   0x00000024   Code   RO         1124    i.crm_periph_clock_enable  at32f403a_407_crm.o
    0x080042b4   0x080042b4   0x00000024   Code   RO         1125    i.crm_periph_reset  at32f403a_407_crm.o
    0x080042d8   0x080042d8   0x00000048   Code   RO         1127    i.crm_pll_config    at32f403a_407_crm.o
    0x08004320   0x08004320   0x00000040   Code   RO         1128    i.crm_reset         at32f403a_407_crm.o
    0x08004360   0x08004360   0x00000010   Code   RO         1131    i.crm_sysclk_switch  at32f403a_407_crm.o
    0x08004370   0x08004370   0x00000010   Code   RO         1132    i.crm_sysclk_switch_status_get  at32f403a_407_crm.o
    0x08004380   0x08004380   0x0000001c   Code   RO         1133    i.crm_usb_clock_div_set  at32f403a_407_crm.o
    0x0800439c   0x0800439c   0x0000001c   Code   RO         1134    i.crm_usb_clock_source_select  at32f403a_407_crm.o
    0x080043b8   0x080043b8   0x00000030   Code   RO          355    i.delay_init        at32f403a_407_board.o
    0x080043e8   0x080043e8   0x0000004c   Code   RO          356    i.delay_ms          at32f403a_407_board.o
    0x08004434   0x08004434   0x00000018   Code   RO         4965    i.fabs              m_wm.l(fabs.o)
    0x0800444c   0x0800444c   0x00000010   Code   RO         1636    i.flash_fap_status_get  at32f403a_407_flash.o
    0x0800445c   0x0800445c   0x00000018   Code   RO         1642    i.flash_lock        at32f403a_407_flash.o
    0x08004474   0x08004474   0x00000028   Code   RO         1643    i.flash_operation_status_get  at32f403a_407_flash.o
    0x0800449c   0x0800449c   0x00000022   Code   RO         1644    i.flash_operation_wait_for  at32f403a_407_flash.o
    0x080044be   0x080044be   0x00000002   PAD
    0x080044c0   0x080044c0   0x0000001c   Code   RO         1662    i.flash_unlock      at32f403a_407_flash.o
    0x080044dc   0x080044dc   0x00000074   Code   RO         1663    i.flash_user_system_data_erase  at32f403a_407_flash.o
    0x08004550   0x08004550   0x0000004c   Code   RO         1664    i.flash_user_system_data_program  at32f403a_407_flash.o
    0x0800459c   0x0800459c   0x00000024   Code   RO          359    i.fputc             at32f403a_407_board.o
    0x080045c0   0x080045c0   0x00000038   Code   RO         4135    i.get_device_config_string  video_desc.o
    0x080045f8   0x080045f8   0x00000008   Code   RO         4136    i.get_device_configuration  video_desc.o
    0x08004600   0x08004600   0x00000008   Code   RO         4137    i.get_device_descriptor  video_desc.o
    0x08004608   0x08004608   0x00000038   Code   RO         4138    i.get_device_interface_string  video_desc.o
    0x08004640   0x08004640   0x00000008   Code   RO         4139    i.get_device_lang_id  video_desc.o
    0x08004648   0x08004648   0x00000028   Code   RO         4140    i.get_device_manufacturer_string  video_desc.o
    0x08004670   0x08004670   0x00000004   Code   RO         4141    i.get_device_other_speed  video_desc.o
    0x08004674   0x08004674   0x00000028   Code   RO         4142    i.get_device_product_string  video_desc.o
    0x0800469c   0x0800469c   0x00000004   Code   RO         4143    i.get_device_qualifier  video_desc.o
    0x080046a0   0x080046a0   0x00000034   Code   RO         4144    i.get_device_serial_string  video_desc.o
    0x080046d4   0x080046d4   0x00000004   Code   RO         1906    i.gpio_bits_reset   at32f403a_407_gpio.o
    0x080046d8   0x080046d8   0x00000004   Code   RO         1907    i.gpio_bits_set     at32f403a_407_gpio.o
    0x080046dc   0x080046dc   0x00000016   Code   RO         1909    i.gpio_default_para_init  at32f403a_407_gpio.o
    0x080046f2   0x080046f2   0x00000002   PAD
    0x080046f4   0x080046f4   0x000000ae   Code   RO         1913    i.gpio_init         at32f403a_407_gpio.o
    0x080047a2   0x080047a2   0x00000010   Code   RO         2032    i.i2c_7bit_address_send  at32f403a_407_i2c.o
    0x080047b2   0x080047b2   0x0000000a   Code   RO         2033    i.i2c_ack_enable    at32f403a_407_i2c.o
    0x080047bc   0x080047bc   0x0000001c   Code   RO         4628    i.i2c_config        i2c_application.o
    0x080047d8   0x080047d8   0x00000006   Code   RO         2036    i.i2c_data_receive  at32f403a_407_i2c.o
    0x080047de   0x080047de   0x00000004   Code   RO         2037    i.i2c_data_send     at32f403a_407_i2c.o
    0x080047e2   0x080047e2   0x0000000a   Code   RO         2040    i.i2c_enable        at32f403a_407_i2c.o
    0x080047ec   0x080047ec   0x000000b0   Code   RO         4632    i.i2c_err_irq_handler  i2c_application.o
    0x0800489c   0x0800489c   0x00000022   Code   RO         4633    i.i2c_evt_irq_handler  i2c_application.o
    0x080048be   0x080048be   0x00000022   Code   RO         2042    i.i2c_flag_clear    at32f403a_407_i2c.o
    0x080048e0   0x080048e0   0x00000020   Code   RO         2043    i.i2c_flag_get      at32f403a_407_i2c.o
    0x08004900   0x08004900   0x000000ec   Code   RO         2045    i.i2c_init          at32f403a_407_i2c.o
    0x080049ec   0x080049ec   0x00000014   Code   RO         2046    i.i2c_interrupt_enable  at32f403a_407_i2c.o
    0x08004a00   0x08004a00   0x0000008c   Code   RO         4575    i.i2c_lowlevel_init  mlx90640_i2c_driver.o
    0x08004a8c   0x08004a8c   0x000000bc   Code   RO         4635    i.i2c_master_read_addr  i2c_application.o
    0x08004b48   0x08004b48   0x0000000a   Code   RO         2047    i.i2c_master_receive_ack_set  at32f403a_407_i2c.o
    0x08004b52   0x08004b52   0x000000b0   Code   RO         4639    i.i2c_master_rx_isr_int  i2c_application.o
    0x08004c02   0x08004c02   0x00000044   Code   RO         4643    i.i2c_master_tx_isr_int  i2c_application.o
    0x08004c46   0x08004c46   0x00000074   Code   RO         4644    i.i2c_master_write_addr  i2c_application.o
    0x08004cba   0x08004cba   0x0000003e   Code   RO         4645    i.i2c_memory_address_send  i2c_application.o
    0x08004cf8   0x08004cf8   0x00000114   Code   RO         4648    i.i2c_memory_read_int  i2c_application.o
    0x08004e0c   0x08004e0c   0x000000b0   Code   RO         4651    i.i2c_memory_write_int  i2c_application.o
    0x08004ebc   0x08004ebc   0x00000012   Code   RO         2048    i.i2c_own_address1_set  at32f403a_407_i2c.o
    0x08004ece   0x08004ece   0x00000002   PAD
    0x08004ed0   0x08004ed0   0x00000048   Code   RO         2055    i.i2c_reset         at32f403a_407_i2c.o
    0x08004f18   0x08004f18   0x00000054   Code   RO         4655    i.i2c_slave_rx_isr_int  i2c_application.o
    0x08004f6c   0x08004f6c   0x0000005c   Code   RO         4659    i.i2c_slave_tx_isr_int  i2c_application.o
    0x08004fc8   0x08004fc8   0x0000000a   Code   RO         2060    i.i2c_start_generate  at32f403a_407_i2c.o
    0x08004fd2   0x08004fd2   0x0000000a   Code   RO         2061    i.i2c_stop_generate  at32f403a_407_i2c.o
    0x08004fdc   0x08004fdc   0x0000001c   Code   RO         4660    i.i2c_wait_end      i2c_application.o
    0x08004ff8   0x08004ff8   0x0000008c   Code   RO         4661    i.i2c_wait_flag     i2c_application.o
    0x08005084   0x08005084   0x0000030c   Code   RO          235    i.main              main.o
    0x08005390   0x08005390   0x0000007c   Code   RO         2231    i.nvic_irq_enable   at32f403a_407_misc.o
    0x0800540c   0x0800540c   0x00000024   Code   RO         2233    i.nvic_priority_group_config  at32f403a_407_misc.o
    0x08005430   0x08005430   0x00000024   Code   RO         2234    i.nvic_system_reset  at32f403a_407_misc.o
    0x08005454   0x08005454   0x0000000c   Code   RO         4240    i.set_IMGsrc        ejpeg.o
    0x08005460   0x08005460   0x0000006e   Code   RO         4911    i.sqrt              m_wm.l(sqrt.o)
    0x080054ce   0x080054ce   0x00000002   PAD
    0x080054d0   0x080054d0   0x0000007a   Code   RO            4    i.system_clock_config  at32f403a_407_clock.o
    0x0800554a   0x0800554a   0x00000002   PAD
    0x0800554c   0x0800554c   0x000000a4   Code   RO         3724    i.system_core_clock_update  system_at32f403a_407.o
    0x080055f0   0x080055f0   0x00000018   Code   RO         2236    i.systick_clock_source_config  at32f403a_407_misc.o
    0x08005608   0x08005608   0x0000006c   Code   RO          360    i.uart_print_init   at32f403a_407_board.o
    0x08005674   0x08005674   0x00000008   Code   RO         3151    i.usart_data_transmit  at32f403a_407_usart.o
    0x0800567c   0x0800567c   0x0000000a   Code   RO         3154    i.usart_enable      at32f403a_407_usart.o
    0x08005686   0x08005686   0x0000000a   Code   RO         3156    i.usart_flag_get    at32f403a_407_usart.o
    0x08005690   0x08005690   0x0000007c   Code   RO         3158    i.usart_init        at32f403a_407_usart.o
    0x0800570c   0x0800570c   0x0000000a   Code   RO         3172    i.usart_transmitter_enable  at32f403a_407_usart.o
    0x08005716   0x08005716   0x00000002   PAD
    0x08005718   0x08005718   0x0000000c   Code   RO         3338    i.usb_buffer_free   at32f403a_407_usb.o
    0x08005724   0x08005724   0x00000010   Code   RO         3339    i.usb_buffer_malloc  at32f403a_407_usb.o
    0x08005734   0x08005734   0x00000098   Code   RO          236    i.usb_clock48m_select  main.o
    0x080057cc   0x080057cc   0x00000012   Code   RO         3340    i.usb_connect       at32f403a_407_usb.o
    0x080057de   0x080057de   0x0000001c   Code   RO         3341    i.usb_dev_init      at32f403a_407_usb.o
    0x080057fa   0x080057fa   0x00000012   Code   RO         3343    i.usb_enter_suspend  at32f403a_407_usb.o
    0x0800580c   0x0800580c   0x00000104   Code   RO         3344    i.usb_ept_close     at32f403a_407_usb.o
    0x08005910   0x08005910   0x0000035c   Code   RO         3345    i.usb_ept_open      at32f403a_407_usb.o
    0x08005c6c   0x08005c6c   0x00000012   Code   RO         3347    i.usb_exit_suspend  at32f403a_407_usb.o
    0x08005c7e   0x08005c7e   0x00000006   Code   RO         3348    i.usb_flag_clear    at32f403a_407_usb.o
    0x08005c84   0x08005c84   0x00000010   Code   RO         3350    i.usb_interrupt_enable  at32f403a_407_usb.o
    0x08005c94   0x08005c94   0x00000028   Code   RO         3351    i.usb_read_packet   at32f403a_407_usb.o
    0x08005cbc   0x08005cbc   0x00000012   Code   RO         3354    i.usb_set_address   at32f403a_407_usb.o
    0x08005cce   0x08005cce   0x00000002   PAD
    0x08005cd0   0x08005cd0   0x00000034   Code   RO         3355    i.usb_usbbufs_enable  at32f403a_407_usb.o
    0x08005d04   0x08005d04   0x00000028   Code   RO         3356    i.usb_write_packet  at32f403a_407_usb.o
    0x08005d2c   0x08005d2c   0x0000005c   Code   RO         3772    i.usbd_clear_stall  usbd_core.o
    0x08005d88   0x08005d88   0x00000006   Code   RO         3773    i.usbd_connect      usbd_core.o
    0x08005d8e   0x08005d8e   0x000000a6   Code   RO         3775    i.usbd_core_in_handler  usbd_core.o
    0x08005e34   0x08005e34   0x0000002a   Code   RO         3776    i.usbd_core_init    usbd_core.o
    0x08005e5e   0x08005e5e   0x0000006a   Code   RO         3777    i.usbd_core_out_handler  usbd_core.o
    0x08005ec8   0x08005ec8   0x00000050   Code   RO         3778    i.usbd_core_setup_handler  usbd_core.o
    0x08005f18   0x08005f18   0x0000001c   Code   RO         3779    i.usbd_ctrl_recv    usbd_core.o
    0x08005f34   0x08005f34   0x00000010   Code   RO         3780    i.usbd_ctrl_recv_status  usbd_core.o
    0x08005f44   0x08005f44   0x00000018   Code   RO         3781    i.usbd_ctrl_send    usbd_core.o
    0x08005f5c   0x08005f5c   0x00000010   Code   RO         3782    i.usbd_ctrl_send_status  usbd_core.o
    0x08005f6c   0x08005f6c   0x00000016   Code   RO         3783    i.usbd_ctrl_unsupport  usbd_core.o
    0x08005f82   0x08005f82   0x00000106   Code   RO         4005    i.usbd_device_request  usbd_sdr.o
    0x08006088   0x08006088   0x000000dc   Code   RO         4006    i.usbd_endpoint_request  usbd_sdr.o
    0x08006164   0x08006164   0x00000006   Code   RO         3785    i.usbd_enter_suspend  usbd_core.o
    0x0800616a   0x0800616a   0x0000003e   Code   RO         3786    i.usbd_ept_buf_auto_define  usbd_core.o
    0x080061a8   0x080061a8   0x0000001a   Code   RO         3788    i.usbd_ept_close    usbd_core.o
    0x080061c2   0x080061c2   0x0000001a   Code   RO         3789    i.usbd_ept_dbuffer_enable  usbd_core.o
    0x080061dc   0x080061dc   0x00000056   Code   RO         3790    i.usbd_ept_defaut_init  usbd_core.o
    0x08006232   0x08006232   0x0000001a   Code   RO         3948    i.usbd_ept_loop_handler  usbd_int.o
    0x0800624c   0x0800624c   0x0000003e   Code   RO         3791    i.usbd_ept_open     usbd_core.o
    0x0800628a   0x0800628a   0x00000002   PAD
    0x0800628c   0x0800628c   0x00000054   Code   RO         3792    i.usbd_ept_recv     usbd_core.o
    0x080062e0   0x080062e0   0x000000e8   Code   RO         3793    i.usbd_ept_send     usbd_core.o
    0x080063c8   0x080063c8   0x00000184   Code   RO         3949    i.usbd_eptn_handler  usbd_int.o
    0x0800654c   0x0800654c   0x0000008c   Code   RO         4007    i.usbd_get_descriptor  usbd_sdr.o
    0x080065d8   0x080065d8   0x00000038   Code   RO         4145    i.usbd_int_to_unicode  video_desc.o
    0x08006610   0x08006610   0x00000034   Code   RO         4008    i.usbd_interface_request  usbd_sdr.o
    0x08006644   0x08006644   0x0000008c   Code   RO         3950    i.usbd_irq_handler  usbd_int.o
    0x080066d0   0x080066d0   0x00000048   Code   RO         3951    i.usbd_reset_handler  usbd_int.o
    0x08006718   0x08006718   0x00000078   Code   RO         4009    i.usbd_set_configuration  usbd_sdr.o
    0x08006790   0x08006790   0x0000005c   Code   RO         3797    i.usbd_set_stall    usbd_core.o
    0x080067ec   0x080067ec   0x00000028   Code   RO         4010    i.usbd_setup_request_parse  usbd_sdr.o
    0x08006814   0x08006814   0x0000000c   Code   RO         3952    i.usbd_sof_handler  usbd_int.o
    0x08006820   0x08006820   0x0000002c   Code   RO         3953    i.usbd_suspend_handler  usbd_int.o
    0x0800684c   0x0800684c   0x00000032   Code   RO         4146    i.usbd_unicode_convert  video_desc.o
    0x0800687e   0x0800687e   0x00000026   Code   RO         3954    i.usbd_wakeup_handler  usbd_int.o
    0x080068a4   0x080068a4   0x00000018   Code   RO         4930    x$fpl$basic         fz_wm.l(basic.o)
    0x080068bc   0x080068bc   0x00000062   Code   RO         4865    x$fpl$d2f           fz_wm.l(d2f.o)
    0x0800691e   0x0800691e   0x00000002   PAD
    0x08006920   0x08006920   0x00000150   Code   RO         4867    x$fpl$dadd          fz_wm.l(daddsub_clz.o)
    0x08006a70   0x08006a70   0x00000010   Code   RO         5000    x$fpl$dcheck1       fz_wm.l(dcheck1.o)
    0x08006a80   0x08006a80   0x00000018   Code   RO         5002    x$fpl$dcmpinf       fz_wm.l(dcmpi.o)
    0x08006a98   0x08006a98   0x000002b0   Code   RO         4874    x$fpl$ddiv          fz_wm.l(ddiv.o)
    0x08006d48   0x08006d48   0x0000005e   Code   RO         4877    x$fpl$dfix          fz_wm.l(dfix.o)
    0x08006da6   0x08006da6   0x00000002   PAD
    0x08006da8   0x08006da8   0x0000005a   Code   RO         4881    x$fpl$dfixu         fz_wm.l(dfixu.o)
    0x08006e02   0x08006e02   0x0000002e   Code   RO         4886    x$fpl$dflt          fz_wm.l(dflt_clz.o)
    0x08006e30   0x08006e30   0x00000026   Code   RO         4885    x$fpl$dfltu         fz_wm.l(dflt_clz.o)
    0x08006e56   0x08006e56   0x00000002   PAD
    0x08006e58   0x08006e58   0x00000078   Code   RO         4932    x$fpl$dleqf         fz_wm.l(dleqf.o)
    0x08006ed0   0x08006ed0   0x00000154   Code   RO         4891    x$fpl$dmul          fz_wm.l(dmul.o)
    0x08007024   0x08007024   0x0000009c   Code   RO         4934    x$fpl$dnaninf       fz_wm.l(dnaninf.o)
    0x080070c0   0x080070c0   0x0000000c   Code   RO         4936    x$fpl$dretinf       fz_wm.l(dretinf.o)
    0x080070cc   0x080070cc   0x0000006c   Code   RO         4938    x$fpl$drleqf        fz_wm.l(drleqf.o)
    0x08007138   0x08007138   0x00000016   Code   RO         4868    x$fpl$drsb          fz_wm.l(daddsub_clz.o)
    0x0800714e   0x0800714e   0x00000002   PAD
    0x08007150   0x08007150   0x00000198   Code   RO         4940    x$fpl$dsqrt         fz_wm.l(dsqrt_umaal.o)
    0x080072e8   0x080072e8   0x000001d4   Code   RO         4869    x$fpl$dsub          fz_wm.l(daddsub_clz.o)
    0x080074bc   0x080074bc   0x00000056   Code   RO         4893    x$fpl$f2d           fz_wm.l(f2d.o)
    0x08007512   0x08007512   0x0000008c   Code   RO         4942    x$fpl$fnaninf       fz_wm.l(fnaninf.o)
    0x0800759e   0x0800759e   0x0000000a   Code   RO         5079    x$fpl$fpinit        fz_wm.l(fpinit.o)
    0x080075a8   0x080075a8   0x0000000a   Code   RO         4944    x$fpl$fretinf       fz_wm.l(fretinf.o)
    0x080075b2   0x080075b2   0x00000064   Code   RO         5019    x$fpl$retnan        fz_wm.l(retnan.o)
    0x08007616   0x08007616   0x0000005c   Code   RO         4946    x$fpl$scalbn        fz_wm.l(scalbn.o)
    0x08007672   0x08007672   0x00000030   Code   RO         5068    x$fpl$trapveneer    fz_wm.l(trapv.o)
    0x080076a2   0x080076a2   0x00000000   Code   RO         4948    x$fpl$usenofp       fz_wm.l(usenofp.o)
    0x080076a2   0x080076a2   0x00000028   Data   RO         1136    .constdata          at32f403a_407_crm.o
    0x080076ca   0x080076ca   0x00000010   Data   RO         3725    .constdata          system_at32f403a_407.o
    0x080076da   0x080076da   0x00000006   PAD
    0x080076e0   0x080076e0   0x00000088   Data   RO         4898    .constdata          m_wm.l(pow.o)
    0x08007768   0x08007768   0x00000008   Data   RO         4973    .constdata          m_wm.l(qnan.o)
    0x08007770   0x08007770   0x00000020   Data   RO         5143    Region$$Table       anon$$obj.o


    Execution Region RW_IRAM1 (Exec base: 0x20000000, Load base: 0x08007790, Size: 0x000176e0, Max: 0x00038000, ABSOLUTE, COMPRESSED[0x000008cc])

    Exec Addr    Load Addr    Size         Type   Attr      Idx    E Section Name        Object

    0x20000000   COMPRESSED   0x00000001   Data   RW          240    .data               main.o
    0x20000001   COMPRESSED   0x00000003   PAD
    0x20000004   COMPRESSED   0x00000310   Data   RW          241    .data               main.o
    0x20000314   COMPRESSED   0x0000002c   Data   RW          361    .data               at32f403a_407_board.o
    0x20000340   COMPRESSED   0x00000004   Data   RW          362    .data               at32f403a_407_board.o
    0x20000344   COMPRESSED   0x00000008   Data   RW         3357    .data               at32f403a_407_usb.o
    0x2000034c   COMPRESSED   0x00000008   Data   RW         3726    .data               system_at32f403a_407.o
    0x20000354   COMPRESSED   0x00000001   Data   RW         4011    .data               usbd_sdr.o
    0x20000355   COMPRESSED   0x00000003   PAD
    0x20000358   COMPRESSED   0x00000018   Data   RW         4069    .data               video_class.o
    0x20000370   COMPRESSED   0x00000028   Data   RW         4070    .data               video_class.o
    0x20000398   COMPRESSED   0x00000028   Data   RW         4148    .data               video_desc.o
    0x200003c0   COMPRESSED   0x00000012   Data   RW         4149    .data               video_desc.o
    0x200003d2   COMPRESSED   0x00000002   PAD
    0x200003d4   COMPRESSED   0x0000009f   Data   RW         4150    .data               video_desc.o
    0x20000473   COMPRESSED   0x00000022   Data   RW         4151    .data               video_desc.o
    0x20000495   COMPRESSED   0x00000022   Data   RW         4152    .data               video_desc.o
    0x200004b7   COMPRESSED   0x00000001   PAD
    0x200004b8   COMPRESSED   0x00000004   Data   RW         4153    .data               video_desc.o
    0x200004bc   COMPRESSED   0x00000042   Data   RW         4154    .data               video_desc.o
    0x200004fe   COMPRESSED   0x00000002   PAD
    0x20000500   COMPRESSED   0x000006e0   Data   RW         4242    .data               ejpeg.o
    0x20000be0   COMPRESSED   0x00000008   Data   RW         4361    .data               mlx90640_api.o
    0x20000be8   COMPRESSED   0x00000002   Data   RW         4577    .data               mlx90640_i2c_driver.o
    0x20000bea   COMPRESSED   0x00000002   PAD
    0x20000bec        -       0x00013d2c   Zero   RW          239    .bss                main.o
    0x20014918        -       0x00000100   Zero   RW         4067    .bss                video_class.o
    0x20014a18        -       0x00000050   Zero   RW         4068    .bss                video_class.o
    0x20014a68        -       0x00000100   Zero   RW         4147    .bss                video_desc.o
    0x20014b68        -       0x000004e0   Zero   RW         4241    .bss                ejpeg.o
    0x20015048        -       0x00000038   Zero   RW         4576    .bss                mlx90640_i2c_driver.o
    0x20015080        -       0x00000060   Zero   RW         5005    .bss                c_w.l(libspace.o)
    0x200150e0        -       0x00000600   Zero   RW         3763    HEAP                startup_at32f403a_407.o
    0x200156e0        -       0x00002000   Zero   RW         3762    STACK               startup_at32f403a_407.o


==============================================================================

Image component sizes


      Code (inc. data)   RO Data    RW Data    ZI Data      Debug   Object Name

        72         24          0          0          0       2339   at32f403a_407_acc.o
       362         46          0         48          0       6440   at32f403a_407_board.o
       122          0          0          0          0      68241   at32f403a_407_clock.o
       780        112         40          0          0      11970   at32f403a_407_crm.o
       334         62          0          0          0       5353   at32f403a_407_flash.o
       204          0          0          0          0       3023   at32f403a_407_gpio.o
       488         38          0          0          0       9428   at32f403a_407_i2c.o
        42         12          0          0          0       6806   at32f403a_407_int.o
       220         26          0          0          0      33180   at32f403a_407_misc.o
       162         18          0          0          0       3702   at32f403a_407_usart.o
      1402         52          0          8          0      18320   at32f403a_407_usb.o
      3600         82          0       1760       1248      14784   ejpeg.o
      1644         14          0          0          0      14676   i2c_application.o
       946        212          0        785      81196      13950   main.o
      6524        360          0          8          0      25893   mlx90640_api.o
       452         72          0          2         56       3902   mlx90640_i2c_driver.o
        96         32        388          0       9728        952   startup_at32f403a_407.o
       308         50         16          8          0       2998   system_at32f403a_407.o
      1274         24          0          0          0      14493   usbd_core.o
       720         12          0          0          0       5494   usbd_int.o
       834         24          0          1          0       6330   usbd_sdr.o
       596         42          0         64        336      11604   video_class.o
       382        124          0        355        256       7654   video_desc.o

    ----------------------------------------------------------------------
     21600       1438        482       3052      92820     291532   Object Totals
         0          0         32          0          0          0   (incl. Generated)
        36          0          6         13          0          0   (incl. Padding)

    ----------------------------------------------------------------------

      Code (inc. data)   RO Data    RW Data    ZI Data      Debug   Library Member Name

       100          0          0          0          0          0   __dclz77c.o
         8          0          0          0          0         68   __main.o
        40          0          0          0          0         84   __printf_nopercent.o
         0          0          0          0          0          0   __rtentry.o
        12          0          0          0          0          0   __rtentry2.o
         6          0          0          0          0          0   __rtentry4.o
        52          8          0          0          0          0   __scatter.o
        28          0          0          0          0          0   __scatter_zi.o
        48          6          0          0          0         96   _printf_char_common.o
        36          4          0          0          0         80   _printf_char_file.o
        22          0          0          0          0        100   _rserrno.o
        18          0          0          0          0         80   exit.o
         8          0          0          0          0         68   ferror.o
         6          0          0          0          0        152   heapauxi.o
         2          0          0          0          0          0   libinit.o
         6          0          0          0          0          0   libinit2.o
         2          0          0          0          0          0   libshutdown.o
         2          0          0          0          0          0   libshutdown2.o
         8          4          0          0         96         68   libspace.o
        24          4          0          0          0         84   noretval__2printf.o
         8          4          0          0          0         68   rt_errno_addr_intlibspace.o
        68          0          0          0          0         68   rt_memclr.o
        78          0          0          0          0         80   rt_memclr_w.o
       138          0          0          0          0         68   rt_memcpy_v6.o
       100          0          0          0          0         80   rt_memcpy_w.o
         2          0          0          0          0          0   rtexit.o
        10          0          0          0          0          0   rtexit2.o
        74          0          0          0          0         80   sys_stackheap_outer.o
         2          0          0          0          0         68   use_no_semi.o
         2          0          0          0          0         68   use_no_semi_2.o
        24          0          0          0          0        164   basic.o
        98          4          0          0          0        140   d2f.o
       826         16          0          0          0        492   daddsub_clz.o
        16          4          0          0          0        116   dcheck1.o
        24          0          0          0          0        116   dcmpi.o
       688        140          0          0          0        256   ddiv.o
        94          4          0          0          0        140   dfix.o
        90          4          0          0          0        140   dfixu.o
        84          0          0          0          0        232   dflt_clz.o
       120          4          0          0          0        140   dleqf.o
       340         12          0          0          0        152   dmul.o
       156          4          0          0          0        140   dnaninf.o
        12          0          0          0          0        116   dretinf.o
       108          0          0          0          0        128   drleqf.o
       408         56          0          0          0        168   dsqrt_umaal.o
        86          4          0          0          0        132   f2d.o
       140          4          0          0          0        132   fnaninf.o
        10          0          0          0          0        116   fpinit.o
        10          0          0          0          0        116   fretinf.o
       100          0          0          0          0        116   retnan.o
        92          0          0          0          0        116   scalbn.o
        48          0          0          0          0        116   trapv.o
         0          0          0          0          0          0   usenofp.o
       164         44          0          0          0        620   dunder.o
        24          0          0          0          0        124   fabs.o
        48          0          0          0          0        124   fpclassify.o
       248          0          0          0          0        152   poly.o
      3152        296        136          0          0        352   pow.o
         0          0          8          0          0          0   qnan.o
       232          0          0          0          0        296   sqrt.o

    ----------------------------------------------------------------------
      8382        626        144          0         96       6612   Library Totals
        30          0          0          0          0          0   (incl. Padding)

    ----------------------------------------------------------------------

      Code (inc. data)   RO Data    RW Data    ZI Data      Debug   Library Name

       910         30          0          0         96       1460   c_w.l
      3574        256          0          0          0       3484   fz_wm.l
      3868        340        144          0          0       1668   m_wm.l

    ----------------------------------------------------------------------
      8382        626        144          0         96       6612   Library Totals

    ----------------------------------------------------------------------

==============================================================================


      Code (inc. data)   RO Data    RW Data    ZI Data      Debug   

     29982       2064        626       3052      92916     274516   Grand Totals
     29982       2064        626       2252      92916     274516   ELF Image Totals (compressed)
     29982       2064        626       2252          0          0   ROM Totals

==============================================================================

    Total RO  Size (Code + RO Data)                30608 (  29.89kB)
    Total RW  Size (RW Data + ZI Data)             95968 (  93.72kB)
    Total ROM Size (Code + RO Data + RW Data)      32860 (  32.09kB)

==============================================================================

