<html>
<body>
<pre>
<h1>µVision Build Log</h1>
<h2>Tool Versions:</h2>
IDE-Version: ¦ÌVision V5.35.0.0
Copyright (C) 2021 ARM Ltd and ARM Germany GmbH. All rights reserved.
License Information: lenovo lenovo, lenovo, LIC=UJWP0-B8VT6-8TM3P-M4BV6-DTA58-KA3F1
 
Tool Versions:
Toolchain:       MDK-ARM Plus  Version: 5.35.0.2
Toolchain Path:  C:\Keil_v5\ARM\ARMCC\Bin
C Compiler:      Armcc.exe V5.06 update 7 (build 960)
Assembler:       Armasm.exe V5.06 update 7 (build 960)
Linker/Locator:  ArmLink.exe V5.06 update 7 (build 960)
Library Manager: ArmAr.exe V5.06 update 7 (build 960)
Hex Converter:   FromElf.exe V5.06 update 7 (build 960)
CPU DLL:         SARMCM3.DLL V5.35.0.2
Dialog DLL:      DCM.DLL V1.17.3.0
Target DLL:      STLink\ST-LINKIII-KEIL_SWO.dll V3.0.9.0
Dialog DLL:      TCM.DLL V1.53.0.0
 
<h2>Project:</h2>
D:\STM\MLX90640\code\at32\MLX90640\f403a_uvc_ir - ¸±±¾\mdk_v5\audio.uvprojx
Project File Date:  12/08/2022

<h2>Output:</h2>
*** Using Compiler 'V5.06 update 7 (build 960)', folder: 'C:\Keil_v5\ARM\ARMCC\Bin'
Rebuild target 'audio'
compiling at32f403a_407_acc.c...
..\user\inc\at32f403a_407_conf.h(160): warning:  #1-D: last line of file ends without a newline
  #endif
..\user\inc\at32f403a_407_conf.h(160): warning:  #1-D: last line of file ends without a newline
  #endif
..\libraries\drivers\src\at32f403a_407_acc.c: 2 warnings, 0 errors
compiling at32f403a_407_exint.c...
..\user\inc\at32f403a_407_conf.h(160): warning:  #1-D: last line of file ends without a newline
  #endif
..\user\inc\at32f403a_407_conf.h(160): warning:  #1-D: last line of file ends without a newline
  #endif
..\libraries\drivers\src\at32f403a_407_exint.c: 2 warnings, 0 errors
compiling at32f403a_407_int.c...
..\user\inc\at32f403a_407_conf.h(160): warning:  #1-D: last line of file ends without a newline
  #endif
..\user\src\at32f403a_407_int.c: 1 warning, 0 errors
compiling at32f403a_407_dac.c...
..\user\inc\at32f403a_407_conf.h(160): warning:  #1-D: last line of file ends without a newline
  #endif
..\user\inc\at32f403a_407_conf.h(160): warning:  #1-D: last line of file ends without a newline
  #endif
..\libraries\drivers\src\at32f403a_407_dac.c: 2 warnings, 0 errors
compiling at32f403a_407_can.c...
..\user\inc\at32f403a_407_conf.h(160): warning:  #1-D: last line of file ends without a newline
  #endif
..\user\inc\at32f403a_407_conf.h(160): warning:  #1-D: last line of file ends without a newline
  #endif
..\libraries\drivers\src\at32f403a_407_can.c: 2 warnings, 0 errors
compiling at32f403a_407_crc.c...
..\user\inc\at32f403a_407_conf.h(160): warning:  #1-D: last line of file ends without a newline
  #endif
..\user\inc\at32f403a_407_conf.h(160): warning:  #1-D: last line of file ends without a newline
  #endif
..\libraries\drivers\src\at32f403a_407_crc.c: 2 warnings, 0 errors
compiling at32f403a_407_dma.c...
..\user\inc\at32f403a_407_conf.h(160): warning:  #1-D: last line of file ends without a newline
  #endif
..\user\inc\at32f403a_407_conf.h(160): warning:  #1-D: last line of file ends without a newline
  #endif
..\libraries\drivers\src\at32f403a_407_dma.c: 2 warnings, 0 errors
compiling at32f403a_407_clock.c...
..\user\inc\at32f403a_407_conf.h(160): warning:  #1-D: last line of file ends without a newline
  #endif
..\user\src\at32f403a_407_clock.c: 1 warning, 0 errors
compiling at32f403a_407_emac.c...
..\user\inc\at32f403a_407_conf.h(160): warning:  #1-D: last line of file ends without a newline
  #endif
..\user\inc\at32f403a_407_conf.h(160): warning:  #1-D: last line of file ends without a newline
  #endif
..\libraries\drivers\src\at32f403a_407_emac.c: 2 warnings, 0 errors
compiling at32f403a_407_adc.c...
..\user\inc\at32f403a_407_conf.h(160): warning:  #1-D: last line of file ends without a newline
  #endif
..\user\inc\at32f403a_407_conf.h(160): warning:  #1-D: last line of file ends without a newline
  #endif
..\libraries\drivers\src\at32f403a_407_adc.c: 2 warnings, 0 errors
compiling at32f403a_407_debug.c...
..\user\inc\at32f403a_407_conf.h(160): warning:  #1-D: last line of file ends without a newline
  #endif
..\user\inc\at32f403a_407_conf.h(160): warning:  #1-D: last line of file ends without a newline
  #endif
..\libraries\drivers\src\at32f403a_407_debug.c: 2 warnings, 0 errors
compiling at32f403a_407_flash.c...
..\user\inc\at32f403a_407_conf.h(160): warning:  #1-D: last line of file ends without a newline
  #endif
..\user\inc\at32f403a_407_conf.h(160): warning:  #1-D: last line of file ends without a newline
  #endif
..\libraries\drivers\src\at32f403a_407_flash.c: 2 warnings, 0 errors
compiling main.c...
..\user\inc\at32f403a_407_conf.h(160): warning:  #1-D: last line of file ends without a newline
  #endif
..\ejpeg\jpegbuff.h(8): warning:  #1-D: last line of file ends without a newline
  extern float min,max;
..\MLX\headers\MLX90640_I2C_Driver.h(57): warning:  #1-D: last line of file ends without a newline
  #endif
..\ejpeg\jpegbuff.h(8): warning:  #1-D: last line of file ends without a newline
  extern float min,max;
..\ejpeg\jpegbuff.h(8): warning:  #1-D: last line of file ends without a newline
  extern float min,max;
..\ejpeg\jpegbuff.h(8): warning:  #1-D: last line of file ends without a newline
  extern float min,max;
..\user\src\main.c(217): warning:  #1035-D: single-precision operand implicitly converted to double-precision
  					gray[i][j]=(uint8_t)(((float)(mlx90640To[k]-min)/(max-min))*255.0);
..\user\src\main.c(152): warning:  #177-D: variable "i2c_status"  was declared but never referenced
  	i2c_status_type i2c_status;
..\user\src\main.c: 8 warnings, 0 errors
compiling at32f403a_407_crm.c...
..\user\inc\at32f403a_407_conf.h(160): warning:  #1-D: last line of file ends without a newline
  #endif
..\user\inc\at32f403a_407_conf.h(160): warning:  #1-D: last line of file ends without a newline
  #endif
..\libraries\drivers\src\at32f403a_407_crm.c: 2 warnings, 0 errors
compiling at32f403a_407_bpr.c...
..\user\inc\at32f403a_407_conf.h(160): warning:  #1-D: last line of file ends without a newline
  #endif
..\user\inc\at32f403a_407_conf.h(160): warning:  #1-D: last line of file ends without a newline
  #endif
..\libraries\drivers\src\at32f403a_407_bpr.c: 2 warnings, 0 errors
compiling at32f403a_407_board.c...
..\user\inc\at32f403a_407_conf.h(160): warning:  #1-D: last line of file ends without a newline
  #endif
..\at32f403a_407_board\at32f403a_407_board.c: 1 warning, 0 errors
assembling startup_at32f403a_407.s...
compiling at32f403a_407_i2c.c...
..\user\inc\at32f403a_407_conf.h(160): warning:  #1-D: last line of file ends without a newline
  #endif
..\user\inc\at32f403a_407_conf.h(160): warning:  #1-D: last line of file ends without a newline
  #endif
..\libraries\drivers\src\at32f403a_407_i2c.c: 2 warnings, 0 errors
compiling at32f403a_407_gpio.c...
..\user\inc\at32f403a_407_conf.h(160): warning:  #1-D: last line of file ends without a newline
  #endif
..\user\inc\at32f403a_407_conf.h(160): warning:  #1-D: last line of file ends without a newline
  #endif
..\libraries\drivers\src\at32f403a_407_gpio.c: 2 warnings, 0 errors
compiling at32f403a_407_misc.c...
..\user\inc\at32f403a_407_conf.h(160): warning:  #1-D: last line of file ends without a newline
  #endif
..\user\inc\at32f403a_407_conf.h(160): warning:  #1-D: last line of file ends without a newline
  #endif
..\libraries\drivers\src\at32f403a_407_misc.c: 2 warnings, 0 errors
compiling at32f403a_407_pwc.c...
..\user\inc\at32f403a_407_conf.h(160): warning:  #1-D: last line of file ends without a newline
  #endif
..\user\inc\at32f403a_407_conf.h(160): warning:  #1-D: last line of file ends without a newline
  #endif
..\libraries\drivers\src\at32f403a_407_pwc.c: 2 warnings, 0 errors
compiling at32f403a_407_rtc.c...
..\user\inc\at32f403a_407_conf.h(160): warning:  #1-D: last line of file ends without a newline
  #endif
..\user\inc\at32f403a_407_conf.h(160): warning:  #1-D: last line of file ends without a newline
  #endif
..\libraries\drivers\src\at32f403a_407_rtc.c: 2 warnings, 0 errors
compiling at32f403a_407_wdt.c...
..\user\inc\at32f403a_407_conf.h(160): warning:  #1-D: last line of file ends without a newline
  #endif
..\user\inc\at32f403a_407_conf.h(160): warning:  #1-D: last line of file ends without a newline
  #endif
..\libraries\drivers\src\at32f403a_407_wdt.c: 2 warnings, 0 errors
compiling at32f403a_407_usb.c...
..\user\inc\at32f403a_407_conf.h(160): warning:  #1-D: last line of file ends without a newline
  #endif
..\user\inc\at32f403a_407_conf.h(160): warning:  #1-D: last line of file ends without a newline
  #endif
..\libraries\drivers\src\at32f403a_407_usb.c: 2 warnings, 0 errors
compiling at32f403a_407_spi.c...
..\user\inc\at32f403a_407_conf.h(160): warning:  #1-D: last line of file ends without a newline
  #endif
..\user\inc\at32f403a_407_conf.h(160): warning:  #1-D: last line of file ends without a newline
  #endif
..\libraries\drivers\src\at32f403a_407_spi.c: 2 warnings, 0 errors
compiling at32f403a_407_sdio.c...
..\user\inc\at32f403a_407_conf.h(160): warning:  #1-D: last line of file ends without a newline
  #endif
..\user\inc\at32f403a_407_conf.h(160): warning:  #1-D: last line of file ends without a newline
  #endif
..\libraries\drivers\src\at32f403a_407_sdio.c: 2 warnings, 0 errors
compiling at32f403a_407_wwdt.c...
..\user\inc\at32f403a_407_conf.h(160): warning:  #1-D: last line of file ends without a newline
  #endif
..\user\inc\at32f403a_407_conf.h(160): warning:  #1-D: last line of file ends without a newline
  #endif
..\libraries\drivers\src\at32f403a_407_wwdt.c: 2 warnings, 0 errors
compiling at32f403a_407_usart.c...
..\user\inc\at32f403a_407_conf.h(160): warning:  #1-D: last line of file ends without a newline
  #endif
..\user\inc\at32f403a_407_conf.h(160): warning:  #1-D: last line of file ends without a newline
  #endif
..\libraries\drivers\src\at32f403a_407_usart.c: 2 warnings, 0 errors
compiling at32f403a_407_tmr.c...
..\user\inc\at32f403a_407_conf.h(160): warning:  #1-D: last line of file ends without a newline
  #endif
..\user\inc\at32f403a_407_conf.h(160): warning:  #1-D: last line of file ends without a newline
  #endif
..\libraries\drivers\src\at32f403a_407_tmr.c: 2 warnings, 0 errors
compiling at32f403a_407_xmc.c...
..\user\inc\at32f403a_407_conf.h(160): warning:  #1-D: last line of file ends without a newline
  #endif
..\user\inc\at32f403a_407_conf.h(160): warning:  #1-D: last line of file ends without a newline
  #endif
..\libraries\drivers\src\at32f403a_407_xmc.c: 2 warnings, 0 errors
compiling system_at32f403a_407.c...
..\user\inc\at32f403a_407_conf.h(160): warning:  #1-D: last line of file ends without a newline
  #endif
..\libraries\cmsis\cm4\device_support\system_at32f403a_407.c: 1 warning, 0 errors
compiling usbd_core.c...
..\user\inc\at32f403a_407_conf.h(160): warning:  #1-D: last line of file ends without a newline
  #endif
..\usb\usbd_drivers\src\usbd_core.c: 1 warning, 0 errors
compiling ejpeg.c...
..\ejpeg\jpegbuff.h(8): warning:  #1-D: last line of file ends without a newline
  extern float min,max;
..\ejpeg\ejpeg.c: 1 warning, 0 errors
compiling usbd_int.c...
..\user\inc\at32f403a_407_conf.h(160): warning:  #1-D: last line of file ends without a newline
  #endif
..\usb\usbd_drivers\src\usbd_int.c: 1 warning, 0 errors
compiling video_class.c...
..\user\inc\at32f403a_407_conf.h(160): warning:  #1-D: last line of file ends without a newline
  #endif
..\ejpeg\jpegbuff.h(8): warning:  #1-D: last line of file ends without a newline
  extern float min,max;
..\ejpeg\jpegbuff.h(8): warning:  #1-D: last line of file ends without a newline
  extern float min,max;
..\ejpeg\jpegbuff.h(8): warning:  #1-D: last line of file ends without a newline
  extern float min,max;
..\usb\video\video_class.c(136): warning:  #177-D: variable "pbuf"  was declared but never referenced
  	uint8_t* pbuf;
..\usb\video\video_class.c(137): warning:  #177-D: variable "len"  was declared but never referenced
  	uint16_t len;
..\usb\video\video_class.c(304): warning:  #177-D: variable "pvideo"  was declared but never referenced
    video_struct_type *pvideo = (video_struct_type *)pudev->class_handler->pdata;
..\usb\video\video_class.c: 7 warnings, 0 errors
compiling usbd_sdr.c...
..\user\inc\at32f403a_407_conf.h(160): warning:  #1-D: last line of file ends without a newline
  #endif
..\usb\usbd_drivers\src\usbd_sdr.c: 1 warning, 0 errors
compiling MLX90640_I2C_Driver.c...
..\user\inc\at32f403a_407_conf.h(160): warning:  #1-D: last line of file ends without a newline
  #endif
..\MLX\headers\MLX90640_I2C_Driver.h(57): warning:  #1-D: last line of file ends without a newline
  #endif
..\MLX\functions\MLX90640_I2C_Driver.c(90): warning:  #550-D: variable "cmd"  was set but never used
      uint8_t cmd[2] = {0,0};
..\MLX\functions\MLX90640_I2C_Driver.c: 3 warnings, 0 errors
compiling video_desc.c...
..\user\inc\at32f403a_407_conf.h(160): warning:  #1-D: last line of file ends without a newline
  #endif
..\ejpeg\jpegbuff.h(8): warning:  #1-D: last line of file ends without a newline
  extern float min,max;
..\usb\video\video_desc.c: 2 warnings, 0 errors
compiling i2c_application.c...
..\user\inc\at32f403a_407_conf.h(160): warning:  #1-D: last line of file ends without a newline
  #endif
..\i2c_application_library\i2c_application.c: 1 warning, 0 errors
compiling MLX90640_API.c...
..\user\inc\at32f403a_407_conf.h(160): warning:  #1-D: last line of file ends without a newline
  #endif
..\MLX\headers\MLX90640_I2C_Driver.h(57): warning:  #1-D: last line of file ends without a newline
  #endif
..\ejpeg\jpegbuff.h(8): warning:  #1-D: last line of file ends without a newline
  extern float min,max;
..\MLX\functions\MLX90640_API.c(421): warning:  #1035-D: single-precision operand implicitly converted to double-precision
      ta4 = (ta + 273.15);
..\MLX\functions\MLX90640_API.c(424): warning:  #1035-D: single-precision operand implicitly converted to double-precision
      tr4 = (tr + 273.15);
..\MLX\functions\MLX90640_API.c(460): warning:  #1035-D: single-precision operand implicitly converted to double-precision
      irDataCP[0] = irDataCP[0] - params->cpOffset[0] * (1 + params->cpKta * (ta - 25)) * (1 + params->cpKv * (vdd - 3.3));
..\MLX\functions\MLX90640_API.c(463): warning:  #1035-D: single-precision operand implicitly converted to double-precision
          irDataCP[1] = irDataCP[1] - params->cpOffset[1] * (1 + params->cpKta * (ta - 25)) * (1 + params->cpKv * (vdd - 3.3));
..\MLX\functions\MLX90640_API.c(467): warning:  #1035-D: single-precision operand implicitly converted to double-precision
        irDataCP[1] = irDataCP[1] - (params->cpOffset[1] + params->ilChessC[0]) * (1 + params->cpKta * (ta - 25)) * (1 + params->cpKv * (vdd - 3.3));
..\MLX\functions\MLX90640_API.c(498): warning:  #1035-D: single-precision operand implicitly converted to double-precision
              irData = irData - params->offset[pixelNumber]*(1 + kta*(ta - 25))*(1 + kv*(vdd - 3.3));
..\MLX\functions\MLX90640_API.c(508): warning:  #1035-D: single-precision operand implicitly converted to double-precision
              alphaCompensated = SCALEALPHA*alphaScale/params->alpha[pixelNumber];
..\MLX\functions\MLX90640_API.c(514): warning:  #1035-D: single-precision operand implicitly converted to double-precision
              To = sqrt(sqrt(irData/(alphaCompensated * (1 - params->ksTo[1] * 273.15) + Sx) + taTr)) - 273.15;                     
..\MLX\functions\MLX90640_API.c(594): warning:  #1035-D: single-precision operand implicitly converted to double-precision
      irDataCP[0] = irDataCP[0] - params->cpOffset[0] * (1 + params->cpKta * (ta - 25)) * (1 + params->cpKv * (vdd - 3.3));
..\MLX\functions\MLX90640_API.c(597): warning:  #1035-D: single-precision operand implicitly converted to double-precision
          irDataCP[1] = irDataCP[1] - params->cpOffset[1] * (1 + params->cpKta * (ta - 25)) * (1 + params->cpKv * (vdd - 3.3));
..\MLX\functions\MLX90640_API.c(601): warning:  #1035-D: single-precision operand implicitly converted to double-precision
        irDataCP[1] = irDataCP[1] - (params->cpOffset[1] + params->ilChessC[0]) * (1 + params->cpKta * (ta - 25)) * (1 + params->cpKv * (vdd - 3.3));
..\MLX\functions\MLX90640_API.c(630): warning:  #1035-D: single-precision operand implicitly converted to double-precision
              irData = irData - params->offset[pixelNumber]*(1 + kta*(ta - 25))*(1 + kv*(vdd - 3.3));
..\MLX\functions\MLX90640_API.c(664): warning:  #1035-D: single-precision operand implicitly converted to double-precision
      vdd = (resolutionCorrection * vdd - params->vdd25) / params->kVdd + 3.3;
..\MLX\functions\MLX90640_API.c(693): warning:  #1035-D: single-precision operand implicitly converted to double-precision
      ta = (ptatArt / (1 + params->KvPTAT * (vdd - 3.3)) - params->vPTAT25);
..\MLX\functions\MLX90640_API.c(735): warning:  #1035-D: single-precision operand implicitly converted to double-precision
                      to[pixels[pix]] = (to[pixels[pix]+31] + to[pixels[pix]+33])/2.0;                    
..\MLX\functions\MLX90640_API.c(750): warning:  #1035-D: single-precision operand implicitly converted to double-precision
                      to[pixels[pix]] = (to[pixels[pix]-33] + to[pixels[pix]-31])/2.0;                       
..\MLX\functions\MLX90640_API.c(755): warning:  #1035-D: single-precision operand implicitly converted to double-precision
                  to[pixels[pix]] = (to[pixels[pix]-31] + to[pixels[pix]+33])/2.0;                
..\MLX\functions\MLX90640_API.c(759): warning:  #1035-D: single-precision operand implicitly converted to double-precision
                  to[pixels[pix]] = (to[pixels[pix]-33] + to[pixels[pix]+31])/2.0;                
..\MLX\functions\MLX90640_API.c(778): warning:  #1035-D: single-precision operand implicitly converted to double-precision
                  to[pixels[pix]] = (to[pixels[pix]-1]+to[pixels[pix]+1])/2.0;                
..\MLX\functions\MLX90640_API.c(801): warning:  #1035-D: single-precision operand implicitly converted to double-precision
                      to[pixels[pix]] = (to[pixels[pix]-1]+to[pixels[pix]+1])/2.0;                    
..\MLX\functions\MLX90640_API.c(1027): warning:  #1035-D: single-precision operand implicitly converted to double-precision
              alphaTemp[p] = SCALEALPHA/alphaTemp[p];
..\MLX\functions\MLX90640_API.c(1041): warning:  #1035-D: single-precision operand implicitly converted to double-precision
      while(temp < 32767.4)
..\MLX\functions\MLX90640_API.c(1050): warning:  #1035-D: single-precision operand implicitly converted to double-precision
          mlx90640->alpha[i] = (temp + 0.5);        
..\MLX\functions\MLX90640_API.c(1205): warning:  #1035-D: single-precision operand implicitly converted to double-precision
      while(temp < 63.4)
..\MLX\functions\MLX90640_API.c(1216): warning:  #1035-D: single-precision operand implicitly converted to double-precision
              mlx90640->kta[i] = (temp - 0.5);
..\MLX\functions\MLX90640_API.c(1220): warning:  #1035-D: single-precision operand implicitly converted to double-precision
              mlx90640->kta[i] = (temp + 0.5);
..\MLX\functions\MLX90640_API.c(1297): warning:  #1035-D: single-precision operand implicitly converted to double-precision
      while(temp < 63.4)
..\MLX\functions\MLX90640_API.c(1308): warning:  #1035-D: single-precision operand implicitly converted to double-precision
              mlx90640->kv[i] = (temp - 0.5);
..\MLX\functions\MLX90640_API.c(1312): warning:  #1035-D: single-precision operand implicitly converted to double-precision
              mlx90640->kv[i] = (temp + 0.5);
..\MLX\functions\MLX90640_API.c(1555): warning:  #1035-D: single-precision operand implicitly converted to double-precision
          return ((values[n/2] + values[n/2 - 1]) / 2.0);
..\MLX\functions\MLX90640_API.c: 33 warnings, 0 errors
linking...
Program Size: Code=29982 RO-data=626 RW-data=3052 ZI-data=92916  
FromELF: creating hex file...
".\objects\audio.axf" - 0 Error(s), 112 Warning(s).

<h2>Software Packages used:</h2>

Package Vendor: ArteryTek
                
                ArteryTek.AT32F403A_407_DFP.2.1.2
                ArteryTek AT32F403A_407 Series Device Support,Drivers

<h2>Collection of Component include folders:</h2>
  C:\Users\lenovo\AppData\Local\Arm\Packs\ArteryTek\AT32F403A_407_DFP\2.1.2\Device\Include

<h2>Collection of Component Files used:</h2>
Build Time Elapsed:  00:00:08
</pre>
</body>
</html>
